 PSINS

 Timestamp is 68cf4ab9 (Sun Sep 21 08:45:45 2025)

 Preferred load address is 00400000

 Start         Length     Name                   Class
 0001:00000000 00060c1aH .text                   CODE
 0001:00060c20 000007c3H .text$x                 CODE
 0002:00000000 00002b64H .rdata                  DATA
 0002:00002b68 0000017cH .rdata$r                DATA
 0002:00002ce8 00000a30H .xdata$x                DATA
 0002:00003720 00000699H .edata                  DATA
 0003:00000000 00000004H .CRT$XCA                DATA
 0003:00000004 00000034H .CRT$XCU                DATA
 0003:00000038 00000004H .CRT$XCZ                DATA
 0003:0000003c 00000004H .CRT$XIA                DATA
 0003:00000040 00000010H .CRT$XIC                DATA
 0003:00000050 00000004H .CRT$XIY                DATA
 0003:00000054 00000004H .CRT$XIZ                DATA
 0003:00000058 00000004H .CRT$XPA                DATA
 0003:0000005c 00000008H .CRT$XPX                DATA
 0003:00000064 00000004H .CRT$XPZ                DATA
 0003:00000068 00000004H .CRT$XTA                DATA
 0003:0000006c 00000004H .CRT$XTB                DATA
 0003:00000070 00000004H .CRT$XTZ                DATA
 0003:00000080 0000432cH .data                   DATA
 0003:000043b0 00002098H .bss                    DATA
 0004:00000000 0000003cH .idata$2                DATA
 0004:0000003c 00000014H .idata$3                DATA
 0004:00000050 000001c4H .idata$4                DATA
 0004:00000214 000001c4H .idata$5                DATA
 0004:000003d8 000007faH .idata$6                DATA

  Address         Publics by Value              Rva+Base     Lib:Object

 0001:00000000       ??0CKFApp@@QAE@N@Z         00401000 f   KFApp.obj
 0001:00000060       ?Init@CKFApp@@UAEXABVCSINS@@H@Z 00401060 f   KFApp.obj
 0001:000004a0       ?RTOutput@CSINSTDKF@@UAEXXZ 004014a0 f i KFApp.obj
 0001:000004d0       ?Miscellanous@CSINSTDKF@@UAEXXZ 004014d0 f i KFApp.obj
 0001:00000500       ?SecretAttitude@CSINSTDKF@@UAEXXZ 00401500 f i KFApp.obj
 0001:00000530       ?SetMeas@CSINSGNSS@@UAEXXZ 00401530 f i KFApp.obj
 0001:000005a0       ?id@?$ctype@G@std@@$D      004015a0 f i KFApp.obj
 0001:00000620       ?id@?$ctype@G@std@@$E      00401620 f i KFApp.obj
 0001:00000640       ??0CSerialPort@itas109@@QAE@ABV01@@Z 00401640 f i KFApp.obj
 0001:000007d0       ??0?$list@UserialPortBuffer@@V?$allocator@UserialPortBuffer@@@std@@@std@@QAE@ABV01@@Z 004017d0 f i KFApp.obj
 0001:00000860       ?begin@?$list@UserialPortBuffer@@V?$allocator@UserialPortBuffer@@@std@@@std@@QAE?AViterator@12@XZ 00401860 f i KFApp.obj
 0001:000008c0       ?begin@?$list@UserialPortBuffer@@V?$allocator@UserialPortBuffer@@@std@@@std@@QBE?AVconst_iterator@12@XZ 004018c0 f i KFApp.obj
 0001:00000920       ?end@?$list@UserialPortBuffer@@V?$allocator@UserialPortBuffer@@@std@@@std@@QBE?AVconst_iterator@12@XZ 00401920 f i KFApp.obj
 0001:00000970       ?insert@?$list@UserialPortBuffer@@V?$allocator@UserialPortBuffer@@@std@@@std@@QAEXViterator@12@Vconst_iterator@12@1@Z 00401970 f i KFApp.obj
 0001:000009e0       ?_Buynode@?$list@UserialPortBuffer@@V?$allocator@UserialPortBuffer@@@std@@@std@@IAEPAU_Node@12@PAU312@0@Z 004019e0 f i KFApp.obj
 0001:00000a70       ??Dconst_iterator@?$list@UserialPortBuffer@@V?$allocator@UserialPortBuffer@@@std@@@std@@QBEABUserialPortBuffer@@XZ 00401a70 f i KFApp.obj
 0001:00000ab0       ??Econst_iterator@?$list@UserialPortBuffer@@V?$allocator@UserialPortBuffer@@@std@@@std@@QAEAAV012@XZ 00401ab0 f i KFApp.obj
 0001:00000b00       ??9const_iterator@?$list@UserialPortBuffer@@V?$allocator@UserialPortBuffer@@@std@@@std@@QBE_NABV012@@Z 00401b00 f i KFApp.obj
 0001:00000b50       ?insert@?$list@UserialPortBuffer@@V?$allocator@UserialPortBuffer@@@std@@@std@@QAE?AViterator@12@V312@ABUserialPortBuffer@@@Z 00401b50 f i KFApp.obj
 0001:00000c30       ?_Next@_Acc@?$list@UserialPortBuffer@@V?$allocator@UserialPortBuffer@@@std@@@std@@SAAAPAU_Node@23@PAU423@@Z 00401c30 f i KFApp.obj
 0001:00000c60       ?_Prev@_Acc@?$list@UserialPortBuffer@@V?$allocator@UserialPortBuffer@@@std@@@std@@SAAAPAU_Node@23@PAU423@@Z 00401c60 f i KFApp.obj
 0001:00000c90       ?_Value@_Acc@?$list@UserialPortBuffer@@V?$allocator@UserialPortBuffer@@@std@@@std@@SAAAUserialPortBuffer@@PAU_Node@23@@Z 00401c90 f i KFApp.obj
 0001:00000cc0       ?_Charalloc@?$allocator@UserialPortBuffer@@@std@@QAEPADI@Z 00401cc0 f i KFApp.obj
 0001:00000d00       ??0const_iterator@?$list@UserialPortBuffer@@V?$allocator@UserialPortBuffer@@@std@@@std@@QAE@PAU_Node@12@@Z 00401d00 f i KFApp.obj
 0001:00000d40       ??8const_iterator@?$list@UserialPortBuffer@@V?$allocator@UserialPortBuffer@@@std@@@std@@QBE_NABV012@@Z 00401d40 f i KFApp.obj
 0001:00000d80       ??0iterator@?$list@UserialPortBuffer@@V?$allocator@UserialPortBuffer@@@std@@@std@@QAE@PAU_Node@12@@Z 00401d80 f i KFApp.obj
 0001:00000dc0       ?construct@?$allocator@UserialPortBuffer@@@std@@QAEXPAUserialPortBuffer@@ABU3@@Z 00401dc0 f i KFApp.obj
 0001:00000e00       ?_Mynode@const_iterator@?$list@UserialPortBuffer@@V?$allocator@UserialPortBuffer@@@std@@@std@@QBEPAU_Node@23@XZ 00401e00 f i KFApp.obj
 0001:00000e30       ?_Allocate@std@@YAPADHPAD@Z 00401e30 f i KFApp.obj
 0001:00000e80       ?_Construct@std@@YAXPAUserialPortBuffer@@ABU2@@Z 00401e80 f i KFApp.obj
 0001:00000ee0       ??2@YAPAXIPAX@Z            00401ee0 f i KFApp.obj
 0001:00000f10       ??4CSerialPort@itas109@@QAEAAV01@ABV01@@Z 00401f10 f i KFApp.obj
 0001:000010b0       ??4?$list@UserialPortBuffer@@V?$allocator@UserialPortBuffer@@@std@@@std@@QAEAAV01@ABV01@@Z 004020b0 f i KFApp.obj
 0001:000011c0       ?end@?$list@UserialPortBuffer@@V?$allocator@UserialPortBuffer@@@std@@@std@@QAE?AViterator@12@XZ 004021c0 f i KFApp.obj
 0001:00001210       ?erase@?$list@UserialPortBuffer@@V?$allocator@UserialPortBuffer@@@std@@@std@@QAE?AViterator@12@V312@0@Z 00402210 f i KFApp.obj
 0001:00001280       ??Diterator@?$list@UserialPortBuffer@@V?$allocator@UserialPortBuffer@@@std@@@std@@QBEAAUserialPortBuffer@@XZ 00402280 f i KFApp.obj
 0001:000012c0       ??Eiterator@?$list@UserialPortBuffer@@V?$allocator@UserialPortBuffer@@@std@@@std@@QAEAAV012@XZ 004022c0 f i KFApp.obj
 0001:00001310       ??9iterator@?$list@UserialPortBuffer@@V?$allocator@UserialPortBuffer@@@std@@@std@@QBE_NABV012@@Z 00402310 f i KFApp.obj
 0001:00001360       ?erase@?$list@UserialPortBuffer@@V?$allocator@UserialPortBuffer@@@std@@@std@@QAE?AViterator@12@V312@@Z 00402360 f i KFApp.obj
 0001:00001440       ?_Freenode@?$list@UserialPortBuffer@@V?$allocator@UserialPortBuffer@@@std@@@std@@IAEXPAU_Node@12@@Z 00402440 f i KFApp.obj
 0001:00001480       ?deallocate@?$allocator@UserialPortBuffer@@@std@@QAEXPAXI@Z 00402480 f i KFApp.obj
 0001:000014c0       ??Eiterator@?$list@UserialPortBuffer@@V?$allocator@UserialPortBuffer@@@std@@@std@@QAE?AV012@H@Z 004024c0 f i KFApp.obj
 0001:00001510       ??8iterator@?$list@UserialPortBuffer@@V?$allocator@UserialPortBuffer@@@std@@@std@@QBE_NABV012@@Z 00402510 f i KFApp.obj
 0001:00001550       ?destroy@?$allocator@UserialPortBuffer@@@std@@QAEXPAUserialPortBuffer@@@Z 00402550 f i KFApp.obj
 0001:00001590       ?_Destroy@std@@YAXPAUserialPortBuffer@@@Z 00402590 f i KFApp.obj
 0001:000015b0       ??_GCSerialPort@itas109@@UAEPAXI@Z 004025b0 f i KFApp.obj
 0001:00001610       ??_ECSerialPort@itas109@@UAEPAXI@Z 00402610 f i KFApp.obj
 0001:000016b0       ??4CSerialPortInfo@itas109@@QAEAAV01@ABV01@@Z 004026b0 f i KFApp.obj
 0001:000016f0       _main                      004026f0 f   Main_SinsGps.obj
 0001:00001b10       ??1CFileRdSr@@QAE@XZ       00402b10 f i Main_SinsGps.obj
 0001:00001bd0       ?load@CFileRdSr@@QAEHH@Z   00402bd0 f i Main_SinsGps.obj
 0001:000021a0       ??0CGLV@@QAE@NNN@Z         004031a0 f   PSINS.obj
 0001:000024c0       ?toc@CGLV@@QAEHH@Z         004034c0 f   PSINS.obj
 0001:00002530       ??1CGLV@@QAE@XZ            00403530 f   PSINS.obj
 0001:00002570       ??0CVect3@@QAE@XZ          00403570 f   PSINS.obj
 0001:000025a0       ??0CVect3@@QAE@N@Z         004035a0 f   PSINS.obj
 0001:00002600       ??0CVect3@@QAE@NNN@Z       00403600 f   PSINS.obj
 0001:00002660       ??0CVect3@@QAE@PBN@Z       00403660 f   PSINS.obj
 0001:000026d0       ??0CVect3@@QAE@PBM@Z       004036d0 f   PSINS.obj
 0001:00002730       ??0CVect3@@QAE@PBHN@Z      00403730 f   PSINS.obj
 0001:000027a0       ?IsZero@@YAHABVCVect3@@N@Z 004037a0 f   PSINS.obj
 0001:00002840       ?IsZeroXY@@YAHABVCVect3@@N@Z 00403840 f   PSINS.obj
 0001:000028c0       ?IsNaN@@YAHABVCVect3@@@Z   004038c0 f   PSINS.obj
 0001:000028f0       ?IsRad@@YAHABVCVect3@@H@Z  004038f0 f   PSINS.obj
 0001:00002970       ?AccScale@@YANABVCVect3@@NN@Z 00403970 f   PSINS.obj
 0001:000029c0       ??HCVect3@@QBE?AV0@ABV0@@Z 004039c0 f   PSINS.obj
 0001:00002a40       ??GCVect3@@QBE?AV0@ABV0@@Z 00403a40 f   PSINS.obj
 0001:00002ac0       ??DCVect3@@QBE?AV0@ABV0@@Z 00403ac0 f   PSINS.obj
 0001:00002b70       ??DCVect3@@QBE?AV0@N@Z     00403b70 f   PSINS.obj
 0001:00002bf0       ??DCVect3@@QBE?AV0@ABVCMat3@@@Z 00403bf0 f   PSINS.obj
 0001:00002cc0       ??KCVect3@@QBE?AV0@N@Z     00403cc0 f   PSINS.obj
 0001:00002d40       ??KCVect3@@QBE?AV0@ABV0@@Z 00403d40 f   PSINS.obj
 0001:00002dc0       ??4CVect3@@QAEAAV0@N@Z     00403dc0 f   PSINS.obj
 0001:00002e20       ??4CVect3@@QAEAAV0@PBN@Z   00403e20 f   PSINS.obj
 0001:00002e90       ??YCVect3@@QAEAAV0@ABV0@@Z 00403e90 f   PSINS.obj
 0001:00002ef0       ??ZCVect3@@QAEAAV0@ABV0@@Z 00403ef0 f   PSINS.obj
 0001:00002f50       ??XCVect3@@QAEAAV0@N@Z     00403f50 f   PSINS.obj
 0001:00002fb0       ??_0CVect3@@QAEAAV0@N@Z    00403fb0 f   PSINS.obj
 0001:00003010       ??_0CVect3@@QAEAAV0@ABV0@@Z 00404010 f   PSINS.obj
 0001:00003070       ??D@YA?AVCVect3@@NABV0@@Z  00404070 f   PSINS.obj
 0001:000030e0       ??G@YA?AVCVect3@@ABV0@@Z   004040e0 f   PSINS.obj
 0001:00003150       ??RCVect3@@QAEAANH@Z       00404150 f   PSINS.obj
 0001:00003180       ?crossXY@@YANABVCVect3@@0@Z 00404180 f   PSINS.obj
 0001:000031c0       ?vxv@@YA?AVCMat3@@ABVCVect3@@0@Z 004041c0 f   PSINS.obj
 0001:000032b0       ?sqrt@@YA?AVCVect3@@ABV1@@Z 004042b0 f   PSINS.obj
 0001:00003330       ?pow@@YA?AVCVect3@@ABV1@H@Z 00404330 f   PSINS.obj
 0001:000033b0       ?abs@@YA?AVCVect3@@ABV1@@Z 004043b0 f   PSINS.obj
 0001:000034a0       ?absp@@YA?AVCVect3@@ABV1@@Z 004044a0 f   PSINS.obj
 0001:00003520       ?absp@@YANN@Z              00404520 f i PSINS.obj
 0001:00003570       ?maxabs@@YA?AVCVect3@@ABV1@0@Z 00404570 f   PSINS.obj
 0001:00003770       ?norm@@YANABVCVect3@@@Z    00404770 f   PSINS.obj
 0001:000037d0       ?normlize@@YANPAVCVect3@@@Z 004047d0 f   PSINS.obj
 0001:00003840       ?normInf@@YANABVCVect3@@@Z 00404840 f   PSINS.obj
 0001:00003980       ?normXY@@YANABVCVect3@@@Z  00404980 f   PSINS.obj
 0001:000039d0       ?normXYInf@@YANABVCVect3@@@Z 004049d0 f   PSINS.obj
 0001:00003a90       ?dot@@YANABVCVect3@@0@Z    00404a90 f   PSINS.obj
 0001:00003ae0       ?dotmul@@YA?AVCVect3@@ABV1@0@Z 00404ae0 f   PSINS.obj
 0001:00003b60       ?dotdiv@@YA?AVCVect3@@ABV1@0@Z 00404b60 f   PSINS.obj
 0001:00003be0       ?rv2q@@YA?AVCQuat@@ABVCVect3@@@Z 00404be0 f   PSINS.obj
 0001:00003d30       ?rv2m@@YA?AVCMat3@@ABVCVect3@@@Z 00404d30 f   PSINS.obj
 0001:00003d90       ?askew@@YA?AVCMat3@@ABVCVect3@@@Z 00404d90 f   PSINS.obj
 0001:00003e30       ?pos2Cen@@YA?AVCMat3@@ABVCVect3@@@Z 00404e30 f   PSINS.obj
 0001:00003f30       ?pp2vn@@YA?AVCVect3@@ABV1@0NPAVCEarth@@@Z 00404f30 f   PSINS.obj
 0001:00004080       ?pp2att@@YA?AVCVect3@@ABV1@0@Z 00405080 f   PSINS.obj
 0001:000040f0       ?sinAng@@YANABVCVect3@@00@Z 004050f0 f   PSINS.obj
 0001:000041e0       ?MagYaw@@YANABVCVect3@@0N@Z 004051e0 f   PSINS.obj
 0001:000042d0       ?xyz2blh@@YA?AVCVect3@@ABV1@@Z 004052d0 f   PSINS.obj
 0001:00004490       ?blh2xyz@@YA?AVCVect3@@ABV1@@Z 00405490 f   PSINS.obj
 0001:000045a0       ?Vxyz2enu@@YA?AVCVect3@@ABV1@0@Z 004055a0 f   PSINS.obj
 0001:00004600       ?v2double@@YA?AVCVect3@@N@Z 00405600 f   PSINS.obj
 0001:000046d0       ?v3double@@YA?AVCVect3@@N@Z 004056d0 f   PSINS.obj
 0001:000047d0       ?v5double@@YAXNAAVCVect3@@0@Z 004057d0 f   PSINS.obj
 0001:000048c0       ?v2flt@@YAXPAMPBVCVect3@@ZZ 004058c0 f   PSINS.obj
 0001:00004950       ?sort@@YA?AVCVect3@@ABV1@@Z 00405950 f   PSINS.obj
 0001:00004a20       ?median@@YANABN00@Z        00405a20 f   PSINS.obj
 0001:00004a80       ?median@@YANABVCVect3@@@Z  00405a80 f   PSINS.obj
 0001:00004b60       ?dm2r@@YA?AVCVect3@@ABV1@H@Z 00405b60 f   PSINS.obj
 0001:00004c30       ?v3mmm@@YA?AVCVect3@@ABV1@00PAV1@H0@Z 00405c30 f   PSINS.obj
 0001:00004eb0       ?fopp@@YA?AVCVect3@@ABV1@00@Z 00405eb0 f   PSINS.obj
 0001:00004fb0       ?fopp@@YA?AVCVect3@@ABV1@000@Z 00405fb0 f   PSINS.obj
 0001:00005100       ?tp2att@@YA?AVCVect3@@ABV1@00@Z 00406100 f   PSINS.obj
 0001:00005290       ?addw@@YA?AVCVect3@@ABV1@0NN@Z 00406290 f   PSINS.obj
 0001:00005340       ?attract@@YA?AVCVect3@@ABV1@00@Z 00406340 f   PSINS.obj
 0001:000054a0       ?ff2muxy@@YA?AVCVect3@@ABV1@0PBD1@Z 004064a0 f   PSINS.obj
 0001:000055b0       ?ff2mu@@YA?AVCVect3@@ABV1@0N@Z 004065b0 f   PSINS.obj
 0001:000056b0       ??0CQuat@@QAE@XZ           004066b0 f   PSINS.obj
 0001:000056e0       ??0CQuat@@QAE@NABVCVect3@@@Z 004066e0 f   PSINS.obj
 0001:00005750       ??0CQuat@@QAE@NNNN@Z       00406750 f   PSINS.obj
 0001:000057c0       ??0CQuat@@QAE@PBN@Z        004067c0 f   PSINS.obj
 0001:00005850       ??HCQuat@@QBE?AV0@ABVCVect3@@@Z 00406850 f   PSINS.obj
 0001:000058e0       ??GCQuat@@QBE?AV0@ABVCVect3@@@Z 004068e0 f   PSINS.obj
 0001:00005960       ??GCQuat@@QBE?AVCVect3@@ABV0@@Z 00406960 f   PSINS.obj
 0001:00005aa0       ??DCQuat@@QBE?AV0@ABV0@@Z  00406aa0 f   PSINS.obj
 0001:00005bd0       ??XCQuat@@QAEAAV0@ABV0@@Z  00406bd0 f   PSINS.obj
 0001:00005c20       ??ZCQuat@@QAEAAV0@ABVCVect3@@@Z 00406c20 f   PSINS.obj
 0001:00005ca0       ??S@YA?AVCQuat@@ABV0@@Z    00406ca0 f   PSINS.obj
 0001:00005d20       ??DCQuat@@QBE?AVCVect3@@ABV1@@Z 00406d20 f   PSINS.obj
 0001:00005eb0       ?SetYaw@CQuat@@QAEXN@Z     00406eb0 f   PSINS.obj
 0001:00005f30       ?normlize@@YANPAVCQuat@@@Z 00406f30 f   PSINS.obj
 0001:00005fe0       ?q2rv@@YA?AVCVect3@@ABVCQuat@@@Z 00406fe0 f   PSINS.obj
 0001:00006110       ?qq2phi@@YA?AVCVect3@@ABVCQuat@@0@Z 00407110 f   PSINS.obj
 0001:00006180       ?addmu@@YA?AVCQuat@@ABV1@ABVCVect3@@@Z 00407180 f   PSINS.obj
 0001:000061e0       ?UpDown@@YA?AVCQuat@@ABV1@@Z 004071e0 f   PSINS.obj
 0001:00006270       ??0CMat3@@QAE@XZ           00407270 f   PSINS.obj
 0001:000062a0       ??0CMat3@@QAE@N@Z          004072a0 f   PSINS.obj
 0001:00006350       ??0CMat3@@QAE@PBN@Z        00407350 f   PSINS.obj
 0001:00006460       ??0CMat3@@QAE@PBM@Z        00407460 f   PSINS.obj
 0001:00006540       ??0CMat3@@QAE@NNN@Z        00407540 f   PSINS.obj
 0001:00006600       ??0CMat3@@QAE@NNNNNNNNN@Z  00407600 f   PSINS.obj
 0001:000066b0       ??0CMat3@@QAE@ABVCVect3@@00H@Z 004076b0 f   PSINS.obj
 0001:00006830       ?sv2att@@YA?AVCVect3@@ABV1@N0@Z 00407830 f   PSINS.obj
 0001:00006980       ?dv2att@@YA?AVCVect3@@ABV1@000@Z 00407980 f   PSINS.obj
 0001:00006c10       ?mv2att@@YA?AVCVect3@@HPBV1@0ZZ 00407c10 f   PSINS.obj
 0001:00006d10       ?vn2att@@YA?AVCVect3@@ABV1@@Z 00407d10 f   PSINS.obj
 0001:00006dd0       ?atss@@YA?AVCVect3@@AAV1@0@Z 00407dd0 f   PSINS.obj
 0001:00006ea0       ??G@YA?AVCMat3@@ABV0@@Z    00407ea0 f   PSINS.obj
 0001:00006f70       ??S@YA?AVCMat3@@ABV0@@Z    00407f70 f   PSINS.obj
 0001:00007020       ??DCMat3@@QBE?AV0@ABV0@@Z  00408020 f   PSINS.obj
 0001:000071f0       ??HCMat3@@QBE?AV0@ABV0@@Z  004081f0 f   PSINS.obj
 0001:000072d0       ??YCMat3@@QAEAAV0@ABV0@@Z  004082d0 f   PSINS.obj
 0001:000073a0       ??HCMat3@@QBE?AV0@ABVCVect3@@@Z 004083a0 f   PSINS.obj
 0001:00007410       ??YCMat3@@QAEAAV0@ABVCVect3@@@Z 00408410 f   PSINS.obj
 0001:00007470       ??GCMat3@@QBE?AV0@ABV0@@Z  00408470 f   PSINS.obj
 0001:00007550       ??DCMat3@@QBE?AV0@N@Z      00408550 f   PSINS.obj
 0001:00007630       ??RCMat3@@QAEAANHH@Z       00408630 f   PSINS.obj
 0001:00007670       ?SetRow@CMat3@@QAEXHABVCVect3@@@Z 00408670 f   PSINS.obj
 0001:000076e0       ?SetClm@CMat3@@QAEXHABVCVect3@@@Z 004086e0 f   PSINS.obj
 0001:00007750       ?GetRow@CMat3@@QBE?AVCVect3@@H@Z 00408750 f   PSINS.obj
 0001:000077d0       ?GetClm@CMat3@@QBE?AVCVect3@@H@Z 004087d0 f   PSINS.obj
 0001:00007850       ?Rot@@YA?AVCMat3@@ND@Z     00408850 f   PSINS.obj
 0001:000079d0       ?rotz@@YA?AVCVect3@@ABV1@N@Z 004089d0 f   PSINS.obj
 0001:00007a80       ?rcijk@@YA?AVCMat3@@ABV1@H@Z 00408a80 f   PSINS.obj
 0001:00007e60       ?symmetry@@YAXAAVCMat3@@@Z 00408e60 f   PSINS.obj
 0001:00007f00       ??D@YA?AVCMat3@@NABV0@@Z   00408f00 f   PSINS.obj
 0001:00007fd0       ??DCMat3@@QBE?AVCVect3@@ABV1@@Z 00408fd0 f   PSINS.obj
 0001:000080a0       ?dotmul@@YA?AVCMat3@@ABV1@0@Z 004090a0 f   PSINS.obj
 0001:00008170       ?det@@YANABVCMat3@@@Z      00409170 f   PSINS.obj
 0001:00008200       ?trace@@YANABVCMat3@@@Z    00409200 f   PSINS.obj
 0001:00008230       ?pow@@YA?AVCMat3@@ABV1@H@Z 00409230 f   PSINS.obj
 0001:000082c0       ?a2qua@@YA?AVCQuat@@NNN@Z  004092c0 f   PSINS.obj
 0001:00008400       ?a2qua@@YA?AVCQuat@@ABVCVect3@@@Z 00409400 f   PSINS.obj
 0001:00008470       ?a2mat@@YA?AVCMat3@@ABVCVect3@@@Z 00409470 f   PSINS.obj
 0001:000085c0       ?ar2mat@@YA?AVCMat3@@ABVCVect3@@@Z 004095c0 f   PSINS.obj
 0001:00008710       ?ar2qua@@YA?AVCQuat@@ABVCVect3@@@Z 00409710 f   PSINS.obj
 0001:00008770       ?m2att@@YA?AVCVect3@@ABVCMat3@@@Z 00409770 f   PSINS.obj
 0001:000088b0       ?m2attr@@YA?AVCVect3@@ABVCMat3@@@Z 004098b0 f   PSINS.obj
 0001:00008970       ?q2attr@@YA?AVCVect3@@ABVCQuat@@@Z 00409970 f   PSINS.obj
 0001:000089d0       ?m2rv@@YA?AVCVect3@@ABVCMat3@@@Z 004099d0 f   PSINS.obj
 0001:00008ae0       ?m2qua@@YA?AVCQuat@@ABVCMat3@@@Z 00409ae0 f   PSINS.obj
 0001:00008db0       ?q2att@@YA?AVCVect3@@ABVCQuat@@@Z 00409db0 f   PSINS.obj
 0001:00008f20       ?q2mat@@YA?AVCMat3@@ABVCQuat@@@Z 00409f20 f   PSINS.obj
 0001:00009080       ?Ka2Cba@@YA?AVCMat3@@ABV1@AAVCVect3@@@Z 0040a080 f   PSINS.obj
 0001:00009180       ?Cba2Ka@@YA?AVCMat3@@ABV1@ABVCVect3@@@Z 0040a180 f   PSINS.obj
 0001:00009220       ?Ka22Kpn@@YAXABVCVect3@@0AAV1@1@Z 0040a220 f   PSINS.obj
 0001:000092e0       ?Kpn2Ka2@@YAXABVCVect3@@0AAV1@1@Z 0040a2e0 f   PSINS.obj
 0001:00009390       ?KgMdf@@YAXAAVCMat3@@PBNH@Z 0040a390 f   PSINS.obj
 0001:00009710       ?KaMdf@@YAXAAVCMat3@@PBNH@Z 0040a710 f   PSINS.obj
 0001:00009990       ?adj@@YA?AVCMat3@@ABV1@@Z  0040a990 f   PSINS.obj
 0001:00009af0       ?inv@@YA?AVCMat3@@ABV1@@Z  0040aaf0 f   PSINS.obj
 0001:00009b90       ?diag@@YA?AVCVect3@@ABVCMat3@@@Z 0040ab90 f   PSINS.obj
 0001:00009bf0       ?diag@@YA?AVCMat3@@ABVCVect3@@@Z 0040abf0 f   PSINS.obj
 0001:00009c80       ?diag@@YA?AVCMat3@@NNN@Z   0040ac80 f   PSINS.obj
 0001:00009d40       ?askew@@YA?AVCMat3@@ABV1@H@Z 0040ad40 f   PSINS.obj
 0001:00009e70       ?MMT@@YA?AVCMat3@@ABV1@0@Z 0040ae70 f   PSINS.obj
 0001:0000a000       ?trMMT@@YANABVCMat3@@0@Z   0040b000 f   PSINS.obj
 0001:0000a0c0       ?norm@@YANABVCMat3@@@Z     0040b0c0 f   PSINS.obj
 0001:0000a110       ?sfoam@@YA?AVCMat3@@ABV1@H@Z 0040b110 f   PSINS.obj
 0001:0000a820       ??0CMat@@QAE@XZ            0040b820 f   PSINS.obj
 0001:0000a850       ??0CMat@@QAE@HH@Z          0040b850 f   PSINS.obj
 0001:0000a8b0       ??0CMat@@QAE@HHN@Z         0040b8b0 f   PSINS.obj
 0001:0000a940       ??0CMat@@QAA@HHNNZZ        0040b940 f   PSINS.obj
 0001:0000a9f0       ??0CMat@@QAE@HHPBN@Z       0040b9f0 f   PSINS.obj
 0001:0000aa70       ??0CMat@@QAA@HPBVCVect@@ZZ 0040ba70 f   PSINS.obj
 0001:0000ab10       ?Reset@CMat@@QAEXHH@Z      0040bb10 f   PSINS.obj
 0001:0000ab60       ?Clear@CMat@@QAEXN@Z       0040bb60 f   PSINS.obj
 0001:0000abd0       ?ClearRow@CMat@@QAEXHN@Z   0040bbd0 f   PSINS.obj
 0001:0000ac40       ?ClearClm@CMat@@QAEXHN@Z   0040bc40 f   PSINS.obj
 0001:0000acb0       ?ClearRC@CMat@@QAEXHHN@Z   0040bcb0 f   PSINS.obj
 0001:0000ad20       ??DCMat@@QBE?AV0@ABV0@@Z   0040bd20 f   PSINS.obj
 0001:0000af10       ??DCMat@@QBE?AV0@ABVCMat3@@@Z 0040bf10 f   PSINS.obj
 0001:0000afa0       ??DCMat@@QBE?AVCVect@@ABV1@@Z 0040bfa0 f   PSINS.obj
 0001:0000b0f0       ??HCMat@@QBE?AV0@ABV0@@Z   0040c0f0 f   PSINS.obj
 0001:0000b1f0       ??YCMat@@QAEAAV0@ABVCVect@@@Z 0040c1f0 f   PSINS.obj
 0001:0000b280       ??GCMat@@QBE?AV0@ABV0@@Z   0040c280 f   PSINS.obj
 0001:0000b380       ??DCMat@@QBE?AV0@N@Z       0040c380 f   PSINS.obj
 0001:0000b460       ??4CMat@@QAEAAV0@N@Z       0040c460 f   PSINS.obj
 0001:0000b4d0       ??YCMat@@QAEAAV0@ABV0@@Z   0040c4d0 f   PSINS.obj
 0001:0000b550       ??ZCMat@@QAEAAV0@ABV0@@Z   0040c550 f   PSINS.obj
 0001:0000b5d0       ??XCMat@@QAEAAV0@N@Z       0040c5d0 f   PSINS.obj
 0001:0000b640       ??ECMat@@QAEAAV0@XZ        0040c640 f   PSINS.obj
 0001:0000b6c0       ??S@YA?AVCMat@@ABV0@@Z     0040c6c0 f   PSINS.obj
 0001:0000b7c0       ?symmetry@@YAXAAVCMat@@@Z  0040c7c0 f   PSINS.obj
 0001:0000b8b0       ?trace@@YANABVCMat@@@Z     0040c8b0 f   PSINS.obj
 0001:0000b930       ?dotmul@@YA?AVCMat@@ABV1@0@Z 0040c930 f   PSINS.obj
 0001:0000ba20       ??RCMat@@QAEAANHH@Z        0040ca20 f   PSINS.obj
 0001:0000ba70       ?SetRow@CMat@@QAAXHNZZ     0040ca70 f   PSINS.obj
 0001:0000bb00       ?SetRow@CMat@@QAEXHABVCVect@@@Z 0040cb00 f   PSINS.obj
 0001:0000bb80       ?SetClm@CMat@@QAAXHNZZ     0040cb80 f   PSINS.obj
 0001:0000bc10       ?SetClm@CMat@@QAEXHABVCVect@@@Z 0040cc10 f   PSINS.obj
 0001:0000bc90       ?SetClmVect3@CMat@@QAEXHHABVCVect3@@@Z 0040cc90 f   PSINS.obj
 0001:0000bd20       ?SetClmVect3@CMat@@QAEXHHABVCVect3@@0@Z 0040cd20 f   PSINS.obj
 0001:0000bdf0       ?SetClmVect3@CMat@@QAEXHHABVCVect3@@00@Z 0040cdf0 f   PSINS.obj
 0001:0000bef0       ?SetRowVect3@CMat@@QAEXHHABVCVect3@@@Z 0040cef0 f   PSINS.obj
 0001:0000bf40       ?SetRowVect3@CMat@@QAEXHHABVCVect3@@0@Z 0040cf40 f   PSINS.obj
 0001:0000bfa0       ?SetRowVect3@CMat@@QAEXHHABVCVect3@@00@Z 0040cfa0 f   PSINS.obj
 0001:0000c020       ?GetRowVect3@CMat@@QBE?AVCVect3@@HH@Z 0040d020 f   PSINS.obj
 0001:0000c070       ?GetClmVect3@CMat@@QBE?AVCVect3@@HH@Z 0040d070 f   PSINS.obj
 0001:0000c120       ?SetDiagVect3@CMat@@QAEXHHABVCVect3@@@Z 0040d120 f   PSINS.obj
 0001:0000c1b0       ?GetDiagVect3@CMat@@QBE?AVCVect3@@HH@Z 0040d1b0 f   PSINS.obj
 0001:0000c270       ?GetDiagf@CMat@@QBEXHHPAN@Z 0040d270 f   PSINS.obj
 0001:0000c300       ?SetDiagf@CMat@@QAEXHHPAN@Z 0040d300 f   PSINS.obj
 0001:0000c390       ?SetAskew@CMat@@QAEXHHABVCVect3@@@Z 0040d390 f   PSINS.obj
 0001:0000c480       ?SetMat3@CMat@@QAEXHHABVCMat3@@@Z 0040d480 f   PSINS.obj
 0001:0000c510       ?SetMat3@CMat@@QAEXHHABVCMat3@@0@Z 0040d510 f   PSINS.obj
 0001:0000c5d0       ?SetMat3@CMat@@QAEXHHABVCMat3@@00@Z 0040d5d0 f   PSINS.obj
 0001:0000c6d0       ?GetMat3@CMat@@QBE?AVCMat3@@HH@Z 0040d6d0 f   PSINS.obj
 0001:0000c790       ?SubAddMat3@CMat@@QAEXHHABVCMat3@@@Z 0040d790 f   PSINS.obj
 0001:0000c820       ?GetRow@CMat@@QBE?AVCVect@@H@Z 0040d820 f   PSINS.obj
 0001:0000c900       ?GetRow@CMat@@QAEXAAVCVect@@H@Z 0040d900 f   PSINS.obj
 0001:0000c9b0       ?GetClm@CMat@@QBE?AVCVect@@H@Z 0040d9b0 f   PSINS.obj
 0001:0000ca90       ?GetClm@CMat@@QBA?AV1@HHZZ 0040da90 f   PSINS.obj
 0001:0000cc10       ?GetClm@CMat@@QAEXAAVCVect@@H@Z 0040dc10 f   PSINS.obj
 0001:0000ccb0       ?ZeroRow@CMat@@QAEXH@Z     0040dcb0 f   PSINS.obj
 0001:0000cd20       ?ZeroClm@CMat@@QAEXH@Z     0040dd20 f   PSINS.obj
 0001:0000cd90       ?ZeroRC@CMat@@QAEXHH@Z     0040dd90 f   PSINS.obj
 0001:0000cdf0       ?SetDiag@CMat@@QAAXNZZ     0040ddf0 f   PSINS.obj
 0001:0000ced0       ?SetDiag2@CMat@@QAAXNZZ    0040ded0 f   PSINS.obj
 0001:0000cfb0       ?SetAscend@CMat@@QAEXNN@Z  0040dfb0 f   PSINS.obj
 0001:0000d020       ?norm1@@YANABVCMat@@@Z     0040e020 f   PSINS.obj
 0001:0000d060       ?normInf@@YANABVCMat@@@Z   0040e060 f   PSINS.obj
 0001:0000d0a0       ?diag@@YA?AVCVect@@ABVCMat@@@Z 0040e0a0 f   PSINS.obj
 0001:0000d180       ?eye@@YA?AVCMat@@H@Z       0040e180 f   PSINS.obj
 0001:0000d240       ?MatExam@@YA?AVCMat@@HH@Z  0040e240 f   PSINS.obj
 0001:0000d2d0       ?inv4@@YA?AVCMat@@ABV1@@Z  0040e2d0 f   PSINS.obj
 0001:0000d5b0       ?inv6@@YA?AVCMat@@ABV1@@Z  0040e5b0 f   PSINS.obj
 0001:0000d860       ?lss@@YA?AVCVect@@ABVCMat@@ABV1@@Z 0040e860 f   PSINS.obj
 0001:0000d9a0       ?RowMul@@YAXAAVCMat@@ABV1@1HH@Z 0040e9a0 f   PSINS.obj
 0001:0000dac0       ?RowMulT@@YAXAAVCMat@@ABV1@1HH@Z 0040eac0 f   PSINS.obj
 0001:0000dbe0       ?diag@@YA?AVCMat@@ABVCVect@@@Z 0040ebe0 f   PSINS.obj
 0001:0000dcf0       ?DVMDVafa@@YAXABVCVect@@AAVCMat@@N@Z 0040ecf0 f   PSINS.obj
 0001:0000dde0       ??0CVect@@QAE@XZ           0040ede0 f   PSINS.obj
 0001:0000de10       ??0CVect@@QAE@HH@Z         0040ee10 f   PSINS.obj
 0001:0000de80       ??0CVect@@QAE@HN@Z         0040ee80 f   PSINS.obj
 0001:0000df00       ??0CVect@@QAE@HPBN@Z       0040ef00 f   PSINS.obj
 0001:0000df80       ??0CVect@@QAA@HNNZZ        0040ef80 f   PSINS.obj
 0001:0000e060       ??0CVect@@QAE@ABVCVect3@@@Z 0040f060 f   PSINS.obj
 0001:0000e0f0       ??0CVect@@QAE@ABVCVect3@@V1@@Z 0040f0f0 f   PSINS.obj
 0001:0000e1a0       ?Clear@CVect@@QAEXXZ       0040f1a0 f   PSINS.obj
 0001:0000e200       ?Reset@CVect@@QAEXHH@Z     0040f200 f   PSINS.obj
 0001:0000e270       ??G@YA?AVCVect@@ABV0@@Z    0040f270 f   PSINS.obj
 0001:0000e310       ??S@YA?AVCVect@@ABV0@@Z    0040f310 f   PSINS.obj
 0001:0000e370       ??DCVect@@QBE?AV0@ABVCMat@@@Z 0040f370 f   PSINS.obj
 0001:0000e4d0       ??DCVect@@QBE?AVCMat@@ABV0@@Z 0040f4d0 f   PSINS.obj
 0001:0000e690       ??HCVect@@QBE?AV0@ABV0@@Z  0040f690 f   PSINS.obj
 0001:0000e770       ??GCVect@@QBE?AV0@ABV0@@Z  0040f770 f   PSINS.obj
 0001:0000e850       ??DCVect@@QBE?AV0@N@Z      0040f850 f   PSINS.obj
 0001:0000e930       ??4CVect@@QAEAAV0@N@Z      0040f930 f   PSINS.obj
 0001:0000e9a0       ??4CVect@@QAEAAV0@PBN@Z    0040f9a0 f   PSINS.obj
 0001:0000ea10       ??4CVect@@QAEAAV0@ABVCMat3@@@Z 0040fa10 f   PSINS.obj
 0001:0000ea80       ??YCVect@@QAEAAV0@ABV0@@Z  0040fa80 f   PSINS.obj
 0001:0000eb00       ??ZCVect@@QAEAAV0@ABV0@@Z  0040fb00 f   PSINS.obj
 0001:0000eb80       ??XCVect@@QAEAAV0@N@Z      0040fb80 f   PSINS.obj
 0001:0000ebf0       ?dot@@YANABVCVect@@0@Z     0040fbf0 f   PSINS.obj
 0001:0000ec70       ?dotmul@@YA?AVCVect@@ABV1@0@Z 0040fc70 f   PSINS.obj
 0001:0000ed60       ?pow@@YA?AVCVect@@ABV1@H@Z 0040fd60 f   PSINS.obj
 0001:0000ee50       ?abs@@YA?AVCVect@@ABV1@@Z  0040fe50 f   PSINS.obj
 0001:0000ef60       ?neg@@YAXAAVCVect@@QBHH@Z  0040ff60 f   PSINS.obj
 0001:0000eff0       ?enlarge@@YAXAAVCVect@@NQBHH@Z 0040fff0 f   PSINS.obj
 0001:0000f080       ?norm@@YANABVCVect@@@Z     00410080 f   PSINS.obj
 0001:0000f0c0       ?norm1@@YANABVCVect@@@Z    004100c0 f   PSINS.obj
 0001:0000f100       ?normInf@@YANABVCVect@@@Z  00410100 f   PSINS.obj
 0001:0000f140       ??RCVect@@QAEAANH@Z        00410140 f   PSINS.obj
 0001:0000f170       ?Set@CVect@@QAAXNZZ        00410170 f   PSINS.obj
 0001:0000f200       ?Set2@CVect@@QAAXNZZ       00410200 f   PSINS.obj
 0001:0000f290       ?SetVect3@CVect@@QAEXHABVCVect3@@@Z 00410290 f   PSINS.obj
 0001:0000f2d0       ?Set2Vect3@CVect@@QAEXHABVCVect3@@@Z 004102d0 f   PSINS.obj
 0001:0000f350       ?SetAscend@CVect@@QAEXNN@Z 00410350 f   PSINS.obj
 0001:0000f3c0       ?SetBit@CVect@@QAEXIN@Z    004103c0 f   PSINS.obj
 0001:0000f430       ?SetBit@CVect@@QAEXIABVCVect3@@@Z 00410430 f   PSINS.obj
 0001:0000f4c0       ?Seti2j@CVect@@QAEXHHN@Z   004104c0 f   PSINS.obj
 0001:0000f540       ?GetVect3@CVect@@QBE?AVCVect3@@H@Z 00410540 f   PSINS.obj
 0001:0000f580       ?mean@@YANABVCVect@@@Z     00410580 f   PSINS.obj
 0001:0000f5f0       ?sort@@YA?AVCVect@@ABV1@@Z 004105f0 f   PSINS.obj
 0001:0000f710       ??0CPolyfit@@QAE@XZ        00410710 f   PSINS.obj
 0001:0000f740       ?Init@CPolyfit@@UAEXNHN@Z  00410740 f   PSINS.obj
 0001:0000f880       ?SetP@CPolyfit@@QAAXNZZ    00410880 f   PSINS.obj
 0001:0000f900       ?SetUD@CPolyfit@@QAAXNZZ   00410900 f   PSINS.obj
 0001:0000f9f0       ?SetHk@CPolyfit@@QAAXNZZ   004109f0 f   PSINS.obj
 0001:0000fa70       ?UpdateP@CPolyfit@@QAEXN@Z 00410a70 f   PSINS.obj
 0001:0000fcf0       ?Update@CPolyfit@@QAEXNN@Z 00410cf0 f   PSINS.obj
 0001:0000fe10       ?eval@CPolyfit@@QAENN@Z    00410e10 f   PSINS.obj
 0001:0000fee0       ??0CPolyfit3@@QAE@XZ       00410ee0 f   PSINS.obj
 0001:0000ff40       ??_H@YGXPAXIHP6EX0@Z@Z     00410f40 f i PSINS.obj
 0001:0000ffa0       ?Init@CPolyfit3@@UAEXNHN@Z 00410fa0 f   PSINS.obj
 0001:00010030       ?Update@CPolyfit3@@QAEXABVCVect3@@N@Z 00411030 f   PSINS.obj
 0001:00010190       ?eval@CPolyfit3@@QAE?AVCVect3@@N@Z 00411190 f   PSINS.obj
 0001:000102b0       ??0CIIR@@QAE@XZ            004112b0 f   PSINS.obj
 0001:000102e0       ??0CIIR@@QAE@PAN0H@Z       004112e0 f   PSINS.obj
 0001:000103a0       ?Update@CIIR@@QAENN@Z      004113a0 f   PSINS.obj
 0001:000104b0       ??0CIIRV3@@QAE@XZ          004114b0 f   PSINS.obj
 0001:00010520       ??0CIIRV3@@QAE@PAN0H00H00H@Z 00411520 f   PSINS.obj
 0001:00010640       ?Update@CIIRV3@@QAE?AVCVect3@@ABV2@@Z 00411640 f   PSINS.obj
 0001:00010700       ??0CRAvar@@QAE@XZ          00411700 f   PSINS.obj
 0001:00010730       ??0CRAvar@@QAE@HH@Z        00411730 f   PSINS.obj
 0001:000107b0       ?set@CRAvar@@QAEXNNNNH@Z   004117b0 f   PSINS.obj
 0001:000108d0       ?set@CRAvar@@QAEXABVCVect3@@000@Z 004118d0 f   PSINS.obj
 0001:00010990       ?set@CRAvar@@QAEXABVCVect@@000@Z 00411990 f   PSINS.obj
 0001:00010a60       ?Update@CRAvar@@QAEXNNH@Z  00411a60 f   PSINS.obj
 0001:00010c60       ?Update@CRAvar@@QAEXABVCVect3@@N@Z 00411c60 f   PSINS.obj
 0001:00010ce0       ?Update@CRAvar@@QAEXABVCVect@@N@Z 00411ce0 f   PSINS.obj
 0001:00010d60       ??RCRAvar@@QBENH@Z         00411d60 f   PSINS.obj
 0001:00010de0       ??0CVAR@@QAE@HN@Z          00411de0 f   PSINS.obj
 0001:00010ea0       ?Update@CVAR@@QAENNH@Z     00411ea0 f   PSINS.obj
 0001:00011020       ??0CVARn@@QAE@XZ           00412020 f   PSINS.obj
 0001:00011060       ??0CVARn@@QAE@HH@Z         00412060 f   PSINS.obj
 0001:000111e0       ??1CVARn@@QAE@XZ           004121e0 f   PSINS.obj
 0001:00011270       ?Reset@CVARn@@QAEXXZ       00412270 f   PSINS.obj
 0001:00011300       ?Update@CVARn@@QAEHPBN@Z   00412300 f   PSINS.obj
 0001:00011540       ?Update@CVARn@@QAAHNZZ     00412540 f   PSINS.obj
 0001:000115d0       ??0CContLarge@@QAE@XZ      004125d0 f   PSINS.obj
 0001:00011600       ??0CContLarge@@QAE@NNH@Z   00412600 f   PSINS.obj
 0001:00011670       ?Update@CContLarge@@QAEHNN@Z 00412670 f   PSINS.obj
 0001:00011730       ??0CAbnomalCnt@@QAE@XZ     00412730 f   PSINS.obj
 0001:00011760       ??0CAbnomalCnt@@QAE@HNNN@Z 00412760 f   PSINS.obj
 0001:00011810       ?Update@CAbnomalCnt@@QAEHNN@Z 00412810 f   PSINS.obj
 0001:000118d0       ??0CWzhold@@QAE@XZ         004128d0 f   PSINS.obj
 0001:00011900       ?Init@CWzhold@@QAEXNNNH@Z  00412900 f   PSINS.obj
 0001:000119c0       ?Reset@CWzhold@@QAEXXZ     004129c0 f   PSINS.obj
 0001:00011a30       ?Update@CWzhold@@QAEHN@Z   00412a30 f   PSINS.obj
 0001:00011d70       ??0CMaxMin@@QAE@HHM@Z      00412d70 f   PSINS.obj
 0001:00011dc0       ?Init@CMaxMin@@QAEXHHM@Z   00412dc0 f   PSINS.obj
 0001:00011ef0       ?Restart@CMaxMin@@QAEXXZ   00412ef0 f   PSINS.obj
 0001:00011f40       ?Update@CMaxMin@@QAEHM@Z   00412f40 f   PSINS.obj
 0001:00012120       ??0CMaxMinn@@QAE@HHHM@Z    00413120 f   PSINS.obj
 0001:00012180       ??_FCMaxMin@@QAEXXZ        00413180 f i PSINS.obj
 0001:000121c0       ?Init@CMaxMinn@@QAEXHHHM@Z 004131c0 f   PSINS.obj
 0001:00012260       ?Restart@CMaxMinn@@QAEXXZ  00413260 f   PSINS.obj
 0001:000122d0       ?Update@CMaxMinn@@QAAHMZZ  004132d0 f   PSINS.obj
 0001:00012370       ?Update@CMaxMinn@@QAEHABVCVect3@@@Z 00413370 f   PSINS.obj
 0001:00012400       ?Update@CMaxMinn@@QAEHABVCVect3@@0@Z 00413400 f   PSINS.obj
 0001:000124e0       ?Update@CMaxMinn@@QAEHABVCVect3@@00@Z 004134e0 f   PSINS.obj
 0001:00012610       ?Update@CMaxMinn@@QAEHABVCVect3@@000@Z 00413610 f   PSINS.obj
 0001:00012790       ?Update@CMaxMinn@@QAEHABVCVect3@@0000@Z 00413790 f   PSINS.obj
 0001:00012970       ?ResFloat@CMaxMinn@@QAEMHH@Z 00413970 f   PSINS.obj
 0001:000129f0       ?ResVect3@CMaxMinn@@QAE?AVCVect3@@HH@Z 004139f0 f   PSINS.obj
 0001:00012bc0       ??0CKalman@@QAE@XZ         00413bc0 f   PSINS.obj
 0001:00012e20       ??0CKalman@@QAE@HH@Z       00413e20 f   PSINS.obj
 0001:000130a0       ?Init@CKalman@@QAEXHH@Z    004140a0 f   PSINS.obj
 0001:00013690       ?SetRmmbt@CKalman@@QAEXNNNN@Z 00414690 f   PSINS.obj
 0001:00013790       ?SetRmaxcount@CKalman@@QAEXH@Z 00414790 f   PSINS.obj
 0001:00013800       ?SetInnoMaxcount@CKalman@@QAEXH@Z 00414800 f   PSINS.obj
 0001:00013870       ?SetZmm@CKalman@@QAEXHHNH@Z 00414870 f   PSINS.obj
 0001:000138f0       ?SetZmmVn@CKalman@@QAEXABVCVect3@@H@Z 004148f0 f   PSINS.obj
 0001:00013970       ?SetZmmPos@CKalman@@QAEXABVCVect3@@H@Z 00414970 f   PSINS.obj
 0001:000139f0       ?TimeUpdate@CKalman@@QAEXNH@Z 004149f0 f   PSINS.obj
 0001:00013c10       ?SetStatMask@CKalman@@QAEXIHIHI@Z 00414c10 f   PSINS.obj
 0001:00013e40       ?SetMeasMask@CKalman@@QAEXIH@Z 00414e40 f   PSINS.obj
 0001:00013f00       ?SetMeasFlag@CKalman@@QAEXIH@Z 00414f00 f   PSINS.obj
 0001:00013f70       ?SetMeasStop@CKalman@@QAEXIN@Z 00414f70 f   PSINS.obj
 0001:00014010       ?SetRadptStop@CKalman@@QAEXIN@Z 00415010 f   PSINS.obj
 0001:00014060       ?MeasUpdate@CKalman@@QAEHN@Z 00415060 f   PSINS.obj
 0001:00014400       ?MeasUD@@YAXQAN0QBNN0H@Z   00415400 f   PSINS.obj
 0001:00014730       ?RAdaptive@CKalman@@QAEHHNN@Z 00415730 f   PSINS.obj
 0001:00014950       ?RPkFading@CKalman@@QAEXH@Z 00415950 f   PSINS.obj
 0001:00014a40       ?ZmmPkSet@CKalman@@QAEXH@Z 00415a40 f   PSINS.obj
 0001:00014b10       ?XPConstrain@CKalman@@QAEXXZ 00415b10 f   PSINS.obj
 0001:00014e50       ?PmaxPminCheck@CKalman@@QAEXXZ 00415e50 f   PSINS.obj
 0001:00014f50       ?Feedback@CKalman@@UAEXHN@Z 00415f50 f   PSINS.obj
 0001:000151a0       ?FeedbackAll@CKalman@@QAEXXZ 004161a0 f   PSINS.obj
 0001:000152d0       ?RtFading@CKalman@@QAEXHN@Z 004162d0 f   PSINS.obj
 0001:00015420       ?fusion@@YAXPAN0PBN1H00@Z  00416420 f   PSINS.obj
 0001:000155d0       ?fusion@@YAXAAVCVect3@@0V1@1@Z 004165d0 f   PSINS.obj
 0001:00015620       ?fusion@@YAXAAVCVect3@@0V1@100@Z 00416620 f   PSINS.obj
 0001:00015670       ??0CSINSTDKF@@QAE@XZ       00416670 f   PSINS.obj
 0001:00015750       ??0CSINSTDKF@@QAE@HH@Z     00416750 f   PSINS.obj
 0001:00015870       ?Init@CSINSTDKF@@QAEXABVCSINS@@@Z 00416870 f   PSINS.obj
 0001:00015a90       ?TDReset@CSINSTDKF@@QAEXXZ 00416a90 f   PSINS.obj
 0001:00015b00       ?Innovationi@CSINSTDKF@@QAENH@Z 00416b00 f   PSINS.obj
 0001:00015bb0       ?TDUpdate@CSINSTDKF@@QAEHPBVCVect3@@0HNH@Z 00416bb0 f   PSINS.obj
 0001:000169f0       ?MeasUpdate@CSINSTDKF@@QAEXABVCVect@@NN@Z 004179f0 f   PSINS.obj
 0001:00016bb0       ?MarkovGyro@CSINSTDKF@@QAEXABVCVect3@@0H@Z 00417bb0 f   PSINS.obj
 0001:00016c30       ?MarkovAcc@CSINSTDKF@@QAEXABVCVect3@@0H@Z 00417c30 f   PSINS.obj
 0001:00016cb0       ?SetYaw@CSINSTDKF@@QAEXNHH@Z 00417cb0 f   PSINS.obj
 0001:00016eb0       ?PSetVertCh@CSINSTDKF@@QAEXNNN@Z 00417eb0 f   PSINS.obj
 0001:00016f90       ?SetCalcuBurden@CSINSTDKF@@QAENIH@Z 00417f90 f   PSINS.obj
 0001:00017110       ??0CSINSGNSS@@QAE@XZ       00418110 f   PSINS.obj
 0001:00017170       ??0CSINSGNSS@@QAE@HHNH@Z   00418170 f   PSINS.obj
 0001:000174a0       ?Init@CSINSGNSS@@QAEXABVCSINS@@H@Z 004184a0 f   PSINS.obj
 0001:00018840       ?SetFt@CSINSGNSS@@UAEXH@Z  00419840 f   PSINS.obj
 0001:00019090       ?SetHk@CSINSGNSS@@UAEXH@Z  0041a090 f   PSINS.obj
 0001:000191f0       ?Feedback@CSINSGNSS@@UAEXHN@Z 0041a1f0 f   PSINS.obj
 0001:00019850       ?SetMeasGNSS@CSINSGNSS@@QAEXABVCVect3@@0N@Z 0041a850 f   PSINS.obj
 0001:00019a20       ?MeasGNSSZvStop@CSINSGNSS@@QAEXAAVCVect3@@N@Z 0041aa20 f   PSINS.obj
 0001:00019ae0       ?MeasGNSSZpStop@CSINSGNSS@@QAEXAAVCVect3@@N@Z 0041aae0 f   PSINS.obj
 0001:00019ba0       ?MeasGNSSZp2X@CSINSGNSS@@QAEXAAVCVect3@@@Z 0041aba0 f   PSINS.obj
 0001:00019c60       ?Leveling@CSINSGNSS@@QAEXXZ 0041ac60 f   PSINS.obj
 0001:00019d20       ?Update@CSINSGNSS@@QAEHPBVCVect3@@0HNH@Z 0041ad20 f   PSINS.obj
 0001:00019db0       ??6CSINSGNSS@@QAEXAAVCFileRdWt@@@Z 0041adb0 f   PSINS.obj
 0001:00019eb0       ?LogXk@CSINSGNSS@@QAEXXZ   0041aeb0 f   PSINS.obj
 0001:0001a320       ??0CSysClbt@@QAE@ABVCVect3@@NH@Z 0041b320 f   PSINS.obj
 0001:0001a430       ?SetHk@CSysClbt@@UAEXH@Z   0041b430 f i PSINS.obj
 0001:0001a460       ?SetMeas@CSysClbt@@UAEXXZ  0041b460 f i PSINS.obj
 0001:0001a490       ?Init@CSysClbt@@QAEXN@Z    0041b490 f   PSINS.obj
 0001:0001ac90       ?NextIter@CSysClbt@@QAEXABVCQuat@@@Z 0041bc90 f   PSINS.obj
 0001:0001b160       ?SetFt@CSysClbt@@UAEXH@Z   0041c160 f   PSINS.obj
 0001:0001b5e0       ?Feedback@CSysClbt@@UAEXHN@Z 0041c5e0 f   PSINS.obj
 0001:0001b830       ?Update@CSysClbt@@QAEHPBVCVect3@@0HNH@Z 0041c830 f   PSINS.obj
 0001:0001b940       ?Log@CSysClbt@@QAEXXZ      0041c940 f   PSINS.obj
 0001:0001baf0       ?LogXk@CSysClbt@@QAEXXZ    0041caf0 f   PSINS.obj
 0001:0001be70       ??0CPOS618@@QAE@XZ         0041ce70 f   PSINS.obj
 0001:0001bf10       ??0CPOS618@@QAE@NNH@Z      0041cf10 f   PSINS.obj
 0001:0001c150       ??1CPOS618@@QAE@XZ         0041d150 f   PSINS.obj
 0001:0001c340       ??_GCRMemory@@QAEPAXI@Z    0041d340 f i PSINS.obj
 0001:0001c3a0       ??_GCSmooth@@QAEPAXI@Z     0041d3a0 f i PSINS.obj
 0001:0001c400       ??_GCFileRdWt@@QAEPAXI@Z   0041d400 f i PSINS.obj
 0001:0001c460       ?Load@CPOS618@@QAEHPADNN@Z 0041d460 f   PSINS.obj
 0001:0001c8d0       ?Init@CPOS618@@QAEXNABVCVect3@@@Z 0041d8d0 f   PSINS.obj
 0001:0001cd90       ?Forward@CPOS618@@QAEXXZ   0041dd90 f   PSINS.obj
 0001:0001d110       ?Backward@CPOS618@@QAEXXZ  0041e110 f   PSINS.obj
 0001:0001d5b0       ?Reverse@CPOS618@@QAEXXZ   0041e5b0 f   PSINS.obj
 0001:0001d7e0       ?Smooth@CPOS618@@QAEXXZ    0041e7e0 f   PSINS.obj
 0001:0001d810       ?Process@CPOS618@@QAEXPADH@Z 0041e810 f   PSINS.obj
 0001:0001d8f0       ??0CSINSGNSSCNS@@QAE@XZ    0041e8f0 f   PSINS.obj
 0001:0001d950       ??0CSINSGNSSCNS@@QAE@N@Z   0041e950 f   PSINS.obj
 0001:0001da20       ?SetCNS@CSINSGNSSCNS@@QAEXHHHNNN@Z 0041ea20 f   PSINS.obj
 0001:0001dac0       ?Init@CSINSGNSSCNS@@QAEXABVCSINS@@H@Z 0041eac0 f   PSINS.obj
 0001:0001deb0       ?SetHk@CSINSGNSSCNS@@UAEXH@Z 0041eeb0 f   PSINS.obj
 0001:0001df60       ?Feedback@CSINSGNSSCNS@@UAEXHN@Z 0041ef60 f   PSINS.obj
 0001:0001dff0       ?SetMeasCNS@CSINSGNSSCNS@@QAEXAAVCQuat@@@Z 0041eff0 f   PSINS.obj
 0001:0001e0e0       ?SetMeasCNS@CSINSGNSSCNS@@QAEXAAVCVect3@@@Z 0041f0e0 f   PSINS.obj
 0001:0001e1a0       ??0CSINSGNSSDR@@QAE@XZ     0041f1a0 f   PSINS.obj
 0001:0001e220       ?SetHk@CSINSGNSSDR@@UAEXH@Z 0041f220 f i PSINS.obj
 0001:0001e250       ??0CSINSGNSSDR@@QAE@N@Z    0041f250 f   PSINS.obj
 0001:0001e3e0       ?Init@CSINSGNSSDR@@QAEXABVCSINS@@H@Z 0041f3e0 f   PSINS.obj
 0001:0001e9f0       ?SetFt@CSINSGNSSDR@@UAEXH@Z 0041f9f0 f   PSINS.obj
 0001:0001eb80       ?Feedback@CSINSGNSSDR@@UAEXHN@Z 0041fb80 f   PSINS.obj
 0001:0001ec70       ?SetMeas@CSINSGNSSDR@@UAEXXZ 0041fc70 f   PSINS.obj
 0001:0001ed00       ?SetMeasGNSS@CSINSGNSSDR@@QAEXABVCVect3@@0N@Z 0041fd00 f   PSINS.obj
 0001:0001ef40       ?Update@CSINSGNSSDR@@QAEHPBVCVect3@@0NHNH@Z 0041ff40 f   PSINS.obj
 0001:0001f0a0       ??0CSINSGNSSOD@@QAE@XZ     004200a0 f   PSINS.obj
 0001:0001f1b0       ?SetMeas@CSINSGNSSOD@@UAEXXZ 004201b0 f i PSINS.obj
 0001:0001f1e0       ??0CSINSGNSSOD@@QAE@HHNH@Z 004201e0 f   PSINS.obj
 0001:0001f430       ?Init@CSINSGNSSOD@@QAEXABVCSINS@@H@Z 00420430 f   PSINS.obj
 0001:0001f4c0       ?SetDistance@CSINSGNSSOD@@QAEXN@Z 004204c0 f   PSINS.obj
 0001:0001f580       ?ODKappa@CSINSGNSSOD@@QAE?AVCVect3@@ABV2@@Z 00420580 f   PSINS.obj
 0001:0001f680       ?ODVelUpdate@CSINSGNSSOD@@QAEHN@Z 00420680 f   PSINS.obj
 0001:0001fd60       ?Update@CSINSGNSSOD@@QAEHPBVCVect3@@0NHNH@Z 00420d60 f   PSINS.obj
 0001:0001fe00       ??6CSINSGNSSOD@@QAEXAAVCFileRdWt@@@Z 00420e00 f   PSINS.obj
 0001:0001ff70       ??0CAutoDrive@@QAE@XZ      00420f70 f   PSINS.obj
 0001:0001ffe0       ?SetMeas@CAutoDrive@@UAEXXZ 00420fe0 f i PSINS.obj
 0001:00020010       ??0CAutoDrive@@QAE@N@Z     00421010 f   PSINS.obj
 0001:000201e0       ?Init@CAutoDrive@@QAEXABVCSINS@@H@Z 004211e0 f   PSINS.obj
 0001:000206c0       ?SetFt@CAutoDrive@@UAEXH@Z 004216c0 f   PSINS.obj
 0001:00020700       ?SetHk@CAutoDrive@@UAEXH@Z 00421700 f   PSINS.obj
 0001:00020730       ?Feedback@CAutoDrive@@UAEXHN@Z 00421730 f   PSINS.obj
 0001:00020800       ?ZUPTtest@CAutoDrive@@QAEXXZ 00421800 f   PSINS.obj
 0001:00020900       ?ZIHRtest@CAutoDrive@@QAEXXZ 00421900 f   PSINS.obj
 0001:00020a00       ?NHCtest@CAutoDrive@@QAEXXZ 00421a00 f   PSINS.obj
 0001:00020b50       ?SetGNSSFixMode@CAutoDrive@@QAEXH@Z 00421b50 f   PSINS.obj
 0001:00020d20       ?Update@CAutoDrive@@QAEHPBVCVect3@@0NHNH@Z 00421d20 f   PSINS.obj
 0001:00020f60       ??0CSGOClbt@@QAE@N@Z       00421f60 f   PSINS.obj
 0001:00021030       ?Init@CSGOClbt@@QAEXABVCSINS@@H@Z 00422030 f   PSINS.obj
 0001:00021580       ?SetFt@CSGOClbt@@UAEXH@Z   00422580 f   PSINS.obj
 0001:000215f0       ?SetHk@CSGOClbt@@UAEXH@Z   004225f0 f   PSINS.obj
 0001:000216b0       ?Feedback@CSGOClbt@@UAEXHN@Z 004226b0 f   PSINS.obj
 0001:000217f0       ?Update@CSGOClbt@@QAEHPBVCVect3@@0NHNH@Z 004227f0 f   PSINS.obj
 0001:000218d0       ??0CVAutoPOS@@QAE@XZ       004228d0 f   PSINS.obj
 0001:00021920       ??0CVAutoPOS@@QAE@N@Z      00422920 f   PSINS.obj
 0001:00021980       ?Init@CVAutoPOS@@UAEXABVCSINS@@H@Z 00422980 f   PSINS.obj
 0001:00021c20       ?SetFt@CVAutoPOS@@UAEXH@Z  00422c20 f   PSINS.obj
 0001:00021c60       ?SetHk@CVAutoPOS@@UAEXH@Z  00422c60 f   PSINS.obj
 0001:00021c90       ?Feedback@CVAutoPOS@@UAEXHN@Z 00422c90 f   PSINS.obj
 0001:00021d60       ?Update@CVAutoPOS@@QAEHPBVCVect3@@0NHNH@Z 00422d60 f   PSINS.obj
 0001:00021e40       ?Init@CCAM@@QAEXABVCVect3@@0NN0@Z 00422e40 f   PSINS.obj
 0001:00021f10       ?TUpdate@CCAM@@QAEXNN@Z    00422f10 f   PSINS.obj
 0001:00022020       ?MUpdate@CCAM@@QAEXNN@Z    00423020 f   PSINS.obj
 0001:00022310       ?Update@CCAM@@QAEXNNNN@Z   00423310 f   PSINS.obj
 0001:00022370       ?Init@CCALLH@@QAEXABVCVect3@@0NN0@Z 00423370 f   PSINS.obj
 0001:00022430       ?Update@CCALLH@@QAEXN@Z    00423430 f   PSINS.obj
 0001:000224c0       ?Update@CCALLH@@QAEXABVCVect3@@@Z 004234c0 f   PSINS.obj
 0001:00022550       ?Update@CCALLH@@QAEXNABVCVect3@@@Z 00423550 f   PSINS.obj
 0001:000225a0       ?GetdPos@CCALLH@@QAE?AVCVect3@@ABVCSINS@@@Z 004235a0 f   PSINS.obj
 0001:00022630       ?GetdVn@CCALLH@@QAE?AVCVect3@@XZ 00423630 f   PSINS.obj
 0001:000226b0       ?GetPhi@CCALLH@@QAE?AVCVect3@@PAN@Z 004236b0 f   PSINS.obj
 0001:00022750       ?GetAVP@CCALLH@@QAENAAVCVect3@@00ABVCSINS@@@Z 00423750 f   PSINS.obj
 0001:00022830       ??0CGKP@@QAE@NN@Z          00423830 f   PSINS.obj
 0001:00022880       ?Init@CGKP@@QAEXNN@Z       00423880 f   PSINS.obj
 0001:00022ae0       ?GKPCore@CGKP@@AAE?AVCVect3@@ABV2@@Z 00423ae0 f   PSINS.obj
 0001:00022ee0       ?IGKPCore@CGKP@@AAE?AVCVect3@@ABV2@@Z 00423ee0 f   PSINS.obj
 0001:00023380       ?GKP@CGKP@@QAE?AVCVect3@@ABV2@@Z 00424380 f   PSINS.obj
 0001:00023460       ?IGKP@CGKP@@QAE?AVCVect3@@ABV2@@Z 00424460 f   PSINS.obj
 0001:00023540       ??0CEarth@@QAE@NNN@Z       00424540 f   PSINS.obj
 0001:00023620       ?Init@CEarth@@QAEXNNN@Z    00424620 f   PSINS.obj
 0001:00023730       ?Update@CEarth@@QAEXABVCVect3@@0H@Z 00424730 f   PSINS.obj
 0001:00023c40       ?vn2dpos@CEarth@@QBE?AVCVect3@@ABV2@N@Z 00424c40 f   PSINS.obj
 0001:00023cd0       ?vn2dpos@CEarth@@QBEXAAVCVect3@@ABV2@N@Z 00424cd0 f   PSINS.obj
 0001:00023d30       ?pos2g@@YANABVCVect3@@@Z   00424d30 f   PSINS.obj
 0001:00023db0       ?pos2wnie@@YA?AVCVect3@@ABV1@@Z 00424db0 f   PSINS.obj
 0001:00023e30       ??0CIMU@@QAE@XZ            00424e30 f   PSINS.obj
 0001:00024480       ?Reset@CIMU@@QAEXXZ        00425480 f   PSINS.obj
 0001:00024550       ?SetRFU@CIMU@@QAEXPBD@Z    00425550 f   PSINS.obj
 0001:000245c0       ?SetSf@CIMU@@QAEXABVCVect3@@0@Z 004255c0 f   PSINS.obj
 0001:00024620       ?SetTemp@CIMU@@QAEXPANH@Z  00425620 f   PSINS.obj
 0001:000246f0       ?SetKga@CIMU@@QAEXABVCMat3@@VCVect3@@0ABV3@@Z 004256f0 f   PSINS.obj
 0001:00024770       ?SetgSens@CIMU@@QAEXABVCMat3@@00@Z 00425770 f   PSINS.obj
 0001:00024820       ?SetKa2@CIMU@@QAEXABVCVect3@@@Z 00425820 f   PSINS.obj
 0001:00024870       ?SetKapn@CIMU@@QAEXABVCVect3@@@Z 00425870 f   PSINS.obj
 0001:000248c0       ?SetLvtGA@CIMU@@QAEXABVCVect3@@00N@Z 004258c0 f   PSINS.obj
 0001:00024950       ?SetTau@CIMU@@QAEXABVCVect3@@00@Z 00425950 f   PSINS.obj
 0001:000249c0       ?SetCba@CIMU@@QAEXABVCMat3@@@Z 004259c0 f   PSINS.obj
 0001:00024ca0       ?GetMeanwf@CIMU@@QAENAAVCVect3@@0H@Z 00425ca0 f   PSINS.obj
 0001:00024da0       ?Update@CIMU@@QAENPBVCVect3@@0HN@Z 00425da0 f   PSINS.obj
 0001:00025f40       ?IMURFU@@YAXPAVCVect3@@HPBD@Z 00426f40 f   PSINS.obj
 0001:000260a0       ?IMURFU@@YAXPAVCVect3@@0HPBD@Z 004270a0 f   PSINS.obj
 0001:00026100       ?IMUStatic@@YAXAAVCVect3@@000N@Z 00427100 f   PSINS.obj
 0001:00026230       ?lsclbt@@YA?AVCMat@@AAV1@0@Z 00427230 f   PSINS.obj
 0001:00026500       ??0CIMUInc@@QAE@NN@Z       00427500 f   PSINS.obj
 0001:00026550       ?Init@CIMUInc@@QAEXNN@Z    00427550 f   PSINS.obj
 0001:000266c0       ?Update@CIMUInc@@QAEXABVCVect3@@0@Z 004276c0 f   PSINS.obj
 0001:00026890       ??0CIMUInv@@QAE@ABVCVect3@@00NN@Z 00427890 f   PSINS.obj
 0001:00026a60       ?Update@CIMUInv@@QAEXABVCVect3@@0@Z 00427a60 f   PSINS.obj
 0001:00026f40       ??0CSINS@@QAE@NABVCVect3@@N@Z 00427f40 f   PSINS.obj
 0001:000272c0       ??0CSINS@@QAE@ABVCVect3@@00N@Z 004282c0 f   PSINS.obj
 0001:00027620       ??0CSINS@@QAE@ABVCQuat@@ABVCVect3@@1N@Z 00428620 f   PSINS.obj
 0001:00027970       ?Init@CSINS@@QAEXABVCVect3@@00N@Z 00428970 f   PSINS.obj
 0001:000279d0       ?Init@CSINS@@QAEXABVCQuat@@ABVCVect3@@1N@Z 004289d0 f   PSINS.obj
 0001:00027f20       ?SetTauGA@CSINS@@QAEXABVCVect3@@0@Z 00428f20 f   PSINS.obj
 0001:00028140       ?Update@CSINS@@QAEXPBVCVect3@@0HN@Z 00429140 f   PSINS.obj
 0001:000291e0       ?Extrap@CSINS@@QAEXABVCVect3@@0N@Z 0042a1e0 f   PSINS.obj
 0001:000293a0       ?Extrap@CSINS@@QAEXN@Z     0042a3a0 f   PSINS.obj
 0001:00029520       ?lever@CSINS@@QAEXABVCVect3@@PAV2@1@Z 0042a520 f   PSINS.obj
 0001:00029760       ?lever2@CSINS@@QAEXABVCVect3@@PAV2@1PBV2@2@Z 0042a760 f   PSINS.obj
 0001:00029920       ?atss@CSINS@@QAEXPAN0@Z    0042a920 f   PSINS.obj
 0001:000299a0       ?etm@CSINS@@QAEXXZ         0042a9a0 f   PSINS.obj
 0001:00029ed0       ?AddErr@CSINS@@QAEXABVCVect3@@00@Z 0042aed0 f   PSINS.obj
 0001:00029f80       ?AddErr@CSINS@@QAEXNABVCVect3@@0@Z 0042af80 f   PSINS.obj
 0001:00029fe0       ?Leveling@CSINS@@QAEXH@Z   0042afe0 f   PSINS.obj
 0001:0002a130       ?Reverse@CSINS@@QAEXXZ     0042b130 f   PSINS.obj
 0001:0002a200       ?isPPS@CSINS@@QAEHN@Z      0042b200 f   PSINS.obj
 0001:0002a290       ?DebugStop@CSINS@@QAEXNHH@Z 0042b290 f   PSINS.obj
 0001:0002a350       ??0CDR@@QAE@XZ             0042b350 f   PSINS.obj
 0001:0002a430       ?Init@CDR@@QAEXABVCSINS@@ABVCVect3@@@Z 0042b430 f   PSINS.obj
 0001:0002a4c0       ?Init@CDR@@QAEXABVCVect3@@00N@Z 0042b4c0 f   PSINS.obj
 0001:0002a680       ?Update@CDR@@QAEXABVCVect3@@NN0@Z 0042b680 f   PSINS.obj
 0001:0002a940       ?SetGCK@CDR@@QAEXN@Z       0042b940 f   PSINS.obj
 0001:0002aa60       ?Leveling@CDR@@QAEXABVCVect3@@N@Z 0042ba60 f   PSINS.obj
 0001:0002ac30       ?Calibrate@CDR@@QAE?AVCVect3@@ABV2@00N@Z 0042bc30 f   PSINS.obj
 0001:0002ae30       ??0CCNS@@QAE@XZ            0042be30 f   PSINS.obj
 0001:0002afa0       ?SetdT@CCNS@@QAEXNN@Z      0042bfa0 f   PSINS.obj
 0001:0002b000       ?Setxyp@CCNS@@QAEXNN@Z     0042c000 f   PSINS.obj
 0001:0002b0f0       ?JD@CCNS@@QAENHHHN@Z       0042c0f0 f   PSINS.obj
 0001:0002b1c0       ?Precmat@CCNS@@QAE?AVCMat3@@N@Z 0042c1c0 f   PSINS.obj
 0001:0002b2f0       ?Equinox@CCNS@@QAEXN@Z     0042c2f0 f   PSINS.obj
 0001:0002b500       ?Nutmat@CCNS@@QAE?AVCMat3@@N@Z 0042c500 f   PSINS.obj
 0001:0002b5f0       ?GAST@CCNS@@QAENNN@Z       0042c5f0 f   PSINS.obj
 0001:0002b740       ?GetCie@CCNS@@QAE?AVCMat3@@NN@Z 0042c740 f   PSINS.obj
 0001:0002b8c0       ?GetCns@CCNS@@QAE?AVCMat3@@ABVCQuat@@ABVCVect3@@NABV2@@Z 0042c8c0 f   PSINS.obj
 0001:0002ba10       ??0CAVPInterp@@QAE@XZ      0042ca10 f   PSINS.obj
 0001:0002bab0       ?Init@CAVPInterp@@QAEXABVCSINS@@NHH@Z 0042cab0 f   PSINS.obj
 0001:0002bb50       ?Init@CAVPInterp@@QAEXABVCVect3@@00NH@Z 0042cb50 f   PSINS.obj
 0001:0002bc40       ?Push@CAVPInterp@@QAEXABVCSINS@@H@Z 0042cc40 f   PSINS.obj
 0001:0002bcd0       ?Push@CAVPInterp@@QAEXABVCVect3@@00@Z 0042ccd0 f   PSINS.obj
 0001:0002bd80       ?Interp@CAVPInterp@@QAEHNH@Z 0042cd80 f   PSINS.obj
 0001:0002c1b0       ??0CMahony@@QAE@NABVCQuat@@@Z 0042d1b0 f   PSINS.obj
 0001:0002c300       ?SetTau@CMahony@@QAEXN@Z   0042d300 f   PSINS.obj
 0001:0002c350       ?SetTau@CMahony@@QAEXNNN@Z 0042d350 f   PSINS.obj
 0001:0002c3c0       ?SetWn@CMahony@@QAEXNN@Z   0042d3c0 f   PSINS.obj
 0001:0002c410       ?Update@CMahony@@QAEXABVCVect3@@0N0@Z 0042d410 f   PSINS.obj
 0001:0002c930       ??0CQEAHRS@@QAE@N@Z        0042d930 f   PSINS.obj
 0001:0002cbc0       ?Update@CQEAHRS@@QAEXABVCVect3@@00N@Z 0042dbc0 f   PSINS.obj
 0001:0002cff0       ??0CVGHook@@QAE@XZ         0042dff0 f   PSINS.obj
 0001:0002d070       ?Init@CVGHook@@QAEXNNN@Z   0042e070 f   PSINS.obj
 0001:0002d220       ?SetHook@CVGHook@@QAEXPAVCSINSGNSS@@H@Z 0042e220 f   PSINS.obj
 0001:0002d2e0       ?Enable@CVGHook@@QAEXH@Z   0042e2e0 f   PSINS.obj
 0001:0002d320       ?Update@CVGHook@@QAEHAAVCVect3@@0N@Z 0042e320 f   PSINS.obj
 0001:0002d960       ?timestr@@YAPADHPAD@Z      0042e960 f   PSINS.obj
 0001:0002da10       ?time2fname@@YAPADXZ       0042ea10 f   PSINS.obj
 0001:0002da60       ?DirI@CFileRdWt@@SAXPBD@Z  0042ea60 f   PSINS.obj
 0001:0002daf0       ?DirO@CFileRdWt@@SAXPBD@Z  0042eaf0 f   PSINS.obj
 0001:0002db80       ?Dir@CFileRdWt@@SAXPBD0@Z  0042eb80 f   PSINS.obj
 0001:0002dbe0       ??0CFileRdWt@@QAE@XZ       0042ebe0 f   PSINS.obj
 0001:0002dc10       ??0CFileRdWt@@QAE@PBDH@Z   0042ec10 f   PSINS.obj
 0001:0002dc80       ??1CFileRdWt@@QAE@XZ       0042ec80 f   PSINS.obj
 0001:0002dcd0       ?Init@CFileRdWt@@QAEXPBDH@Z 0042ecd0 f   PSINS.obj
 0001:0002e0b0       ?load@CFileRdWt@@QAEHHH@Z  0042f0b0 f   PSINS.obj
 0001:0002e580       ?loadf32@CFileRdWt@@QAEHH@Z 0042f580 f   PSINS.obj
 0001:0002e670       ?load@CFileRdWt@@QAEJPAEJ@Z 0042f670 f   PSINS.obj
 0001:0002e720       ?bwseek@CFileRdWt@@QAEXHH@Z 0042f720 f   PSINS.obj
 0001:0002e790       ?filesize@CFileRdWt@@QAEJH@Z 0042f790 f   PSINS.obj
 0001:0002e860       ?getl@CFileRdWt@@QAEHXZ    0042f860 f   PSINS.obj
 0001:0002e8c0       ?savepos@CFileRdWt@@QAEJH@Z 0042f8c0 f   PSINS.obj
 0001:0002e950       ?restorepos@CFileRdWt@@QAEHH@Z 0042f950 f   PSINS.obj
 0001:0002e9d0       ?waitfor@CFileRdWt@@QAEHHNN@Z 0042f9d0 f   PSINS.obj
 0001:0002eab0       ??6CFileRdWt@@QAEAAV0@N@Z  0042fab0 f   PSINS.obj
 0001:0002eb00       ??6CFileRdWt@@QAEAAV0@ABVCVect3@@@Z 0042fb00 f   PSINS.obj
 0001:0002eb50       ??6CFileRdWt@@QAEAAV0@ABVCQuat@@@Z 0042fb50 f   PSINS.obj
 0001:0002eba0       ??6CFileRdWt@@QAEAAV0@ABVCMat3@@@Z 0042fba0 f   PSINS.obj
 0001:0002ebf0       ??6CFileRdWt@@QAEAAV0@ABVCVect@@@Z 0042fbf0 f   PSINS.obj
 0001:0002ec50       ??6CFileRdWt@@QAEAAV0@ABVCMat@@@Z 0042fc50 f   PSINS.obj
 0001:0002ecb0       ??6CFileRdWt@@QAEAAV0@ABVCRAvar@@@Z 0042fcb0 f   PSINS.obj
 0001:0002ed10       ??6CFileRdWt@@QAEAAV0@ABVCMaxMinn@@@Z 0042fd10 f   PSINS.obj
 0001:0002ee20       ??6CFileRdWt@@QAEAAV0@ABVCAlignsb@@@Z 0042fe20 f   PSINS.obj
 0001:0002ee90       ??6CFileRdWt@@QAEAAV0@ABVCAligni0@@@Z 0042fe90 f   PSINS.obj
 0001:0002ef20       ??6CFileRdWt@@QAEAAV0@ABVCPolyfit@@@Z 0042ff20 f   PSINS.obj
 0001:0002ef90       ??6CFileRdWt@@QAEAAV0@ABVCPolyfit3@@@Z 0042ff90 f   PSINS.obj
 0001:0002f000       ??6CFileRdWt@@QAEAAV0@ABVCIMU@@@Z 00430000 f   PSINS.obj
 0001:0002f070       ??6CFileRdWt@@QAEAAV0@ABVCSINS@@@Z 00430070 f   PSINS.obj
 0001:0002f180       ??6CFileRdWt@@QAEAAV0@ABVCDR@@@Z 00430180 f   PSINS.obj
 0001:0002f210       ??6CFileRdWt@@QAEAAV0@ABVCRMemory@@@Z 00430210 f   PSINS.obj
 0001:0002f260       ??6CFileRdWt@@QAEAAV0@ABVCMahony@@@Z 00430260 f   PSINS.obj
 0001:0002f2d0       ??6CFileRdWt@@QAEAAV0@ABVCQEAHRS@@@Z 004302d0 f   PSINS.obj
 0001:0002f370       ??6CFileRdWt@@QAEAAV0@ABVCVGHook@@@Z 00430370 f   PSINS.obj
 0001:0002f420       ??6CFileRdWt@@QAEAAV0@ABVCUartPP@@@Z 00430420 f   PSINS.obj
 0001:0002f480       ??6CFileRdWt@@QAEAAV0@AAVCKalman@@@Z 00430480 f   PSINS.obj
 0001:0002f560       ??5CFileRdWt@@QAEAAV0@AAN@Z 00430560 f   PSINS.obj
 0001:0002f5b0       ??5CFileRdWt@@QAEAAV0@AAVCVect3@@@Z 004305b0 f   PSINS.obj
 0001:0002f600       ??5CFileRdWt@@QAEAAV0@AAVCQuat@@@Z 00430600 f   PSINS.obj
 0001:0002f650       ??5CFileRdWt@@QAEAAV0@AAVCMat3@@@Z 00430650 f   PSINS.obj
 0001:0002f6a0       ??5CFileRdWt@@QAEAAV0@AAVCVect@@@Z 004306a0 f   PSINS.obj
 0001:0002f700       ??5CFileRdWt@@QAEAAV0@AAVCMat@@@Z 00430700 f   PSINS.obj
 0001:0002f760       ??0CFImuGnssSync@@QAE@PBDHN0H@Z 00430760 f   PSINS.obj
 0001:0002f930       ??1CFImuGnssSync@@QAE@XZ   00430930 f   PSINS.obj
 0001:0002f9a0       ?load@CFImuGnssSync@@QAEHH@Z 004309a0 f   PSINS.obj
 0001:0002fbd0       ??0CFileLog@@QAE@XZ        00430bd0 f   PSINS.obj
 0001:0002fc40       ?LogSet@CFileLog@@QAEAAV1@HPBD@Z 00430c40 f   PSINS.obj
 0001:0002fd60       ??1CFileLog@@QAE@XZ        00430d60 f   PSINS.obj
 0001:0002fdd0       ?LogDate@CFileLog@@QAEAAV1@H@Z 00430dd0 f   PSINS.obj
 0001:0002fe60       ?LogRunTime@CFileLog@@QAEAAV1@H@Z 00430e60 f   PSINS.obj
 0001:0002fee0       ??6CFileLog@@QAEAAV0@PBD@Z 00430ee0 f   PSINS.obj
 0001:0002ff40       ??6CFileLog@@QAEAAV0@H@Z   00430f40 f   PSINS.obj
 0001:0002ffa0       ??6CFileLog@@QAEAAV0@M@Z   00430fa0 f   PSINS.obj
 0001:00030010       ??6CFileLog@@QAEAAV0@N@Z   00431010 f   PSINS.obj
 0001:00030070       ??6CFileLog@@QAEAAV0@ABVCVect3@@@Z 00431070 f   PSINS.obj
 0001:000300f0       ??6CFileLog@@QAEAAV0@ABVCQuat@@@Z 004310f0 f   PSINS.obj
 0001:00030180       ??6CFileLog@@QAEAAV0@ABVCVect@@@Z 00431180 f   PSINS.obj
 0001:00030210       ??6CFileLog@@QAEAAV0@ABVCMat3@@@Z 00431210 f   PSINS.obj
 0001:00030300       ??6CFileLog@@QAEAAV0@ABVCMat@@@Z 00431300 f   PSINS.obj
 0001:000303e0       ?CMArray@CFileLog@@QAEAAV1@PBDPBNHHN0@Z 004313e0 f   PSINS.obj
 0001:00030480       ?CArray@CFileLog@@QAEAAV1@PBDPBNHHN0@Z 00431480 f   PSINS.obj
 0001:000306e0       ?MArray@CFileLog@@QAEAAV1@PBDPBNHHN0@Z 004316e0 f   PSINS.obj
 0001:00030870       ?Flush@CFileLog@@QAEXH@Z   00431870 f   PSINS.obj
 0001:000308e0       ??0CFileCfg@@QAE@XZ        004318e0 f   PSINS.obj
 0001:00030920       ??1CFileCfg@@QAE@XZ        00431920 f   PSINS.obj
 0001:00030980       ??6CFileCfg@@QAEAAV0@PBD@Z 00431980 f   PSINS.obj
 0001:00030a30       ??5CFileCfg@@QAEAAV0@PBD@Z 00431a30 f   PSINS.obj
 0001:00030b00       ??6CFileCfg@@QAEAAV0@F@Z   00431b00 f   PSINS.obj
 0001:00030b50       ??6CFileCfg@@QAEAAV0@H@Z   00431b50 f   PSINS.obj
 0001:00030ba0       ??6CFileCfg@@QAEAAV0@M@Z   00431ba0 f   PSINS.obj
 0001:00030bf0       ??6CFileCfg@@QAEAAV0@N@Z   00431bf0 f   PSINS.obj
 0001:00030c40       ??6CFileCfg@@QAEAAV0@ABVCVect3@@@Z 00431c40 f   PSINS.obj
 0001:00030c90       ??6CFileCfg@@QAEAAV0@ABVCQuat@@@Z 00431c90 f   PSINS.obj
 0001:00030ce0       ??6CFileCfg@@QAEAAV0@ABVCMat3@@@Z 00431ce0 f   PSINS.obj
 0001:00030d30       ??6CFileCfg@@QAEAAV0@ABVCMat@@@Z 00431d30 f   PSINS.obj
 0001:00030d90       ??5CFileCfg@@QAEAAV0@AAF@Z 00431d90 f   PSINS.obj
 0001:00030e00       ??5CFileCfg@@QAEAAV0@AAH@Z 00431e00 f   PSINS.obj
 0001:00030e70       ??5CFileCfg@@QAEAAV0@AAM@Z 00431e70 f   PSINS.obj
 0001:00030ef0       ??5CFileCfg@@QAEAAV0@AAN@Z 00431ef0 f   PSINS.obj
 0001:00030f80       ??5CFileCfg@@QAEAAV0@AAVCVect3@@@Z 00431f80 f   PSINS.obj
 0001:00031010       ??5CFileCfg@@QAEAAV0@AAVCQuat@@@Z 00432010 f   PSINS.obj
 0001:000310b0       ??5CFileCfg@@QAEAAV0@AAVCMat3@@@Z 004320b0 f   PSINS.obj
 0001:00031150       ??4CFileCfg@@QAEAAV0@AAV0@@Z 00432150 f   PSINS.obj
 0001:00031190       ?WriteCfg@@YA?AVCFileCfg@@PBD0@Z 00432190 f   PSINS.obj
 0001:00031270       ?ReadCfg@@YA?AVCFileCfg@@PBD0@Z 00432270 f   PSINS.obj
 0001:00031350       ?dec2binf@@YAHPAD@Z        00432350 f   PSINS.obj
 0001:000314e0       ??0CRMemory@@QAE@XZ        004324e0 f   PSINS.obj
 0001:00031510       ??0CRMemory@@QAE@JH@Z      00432510 f   PSINS.obj
 0001:00031590       ??0CRMemory@@QAE@PAEJH@Z   00432590 f   PSINS.obj
 0001:000315e0       ?Init@CRMemory@@QAEXPAEJH@Z 004325e0 f   PSINS.obj
 0001:00031680       ??1CRMemory@@QAE@XZ        00432680 f   PSINS.obj
 0001:000316d0       ??4CRMemory@@QAEXABV0@@Z   004326d0 f   PSINS.obj
 0001:00031810       ?pop@CRMemory@@QAEEPAE@Z   00432810 f   PSINS.obj
 0001:00031900       ?get@CRMemory@@QAEPAEH@Z   00432900 f   PSINS.obj
 0001:00031960       ?set@CRMemory@@QAEPAEHPBE@Z 00432960 f   PSINS.obj
 0001:00031a00       ?push@CRMemory@@QAEHPBE@Z  00432a00 f   PSINS.obj
 0001:00031b00       ??0CSmooth@@QAE@HH@Z       00432b00 f   PSINS.obj
 0001:00031c50       ??1CSmooth@@QAE@XZ         00432c50 f   PSINS.obj
 0001:00031cc0       ?Update@CSmooth@@QAE?AVCVect@@PBNPAN@Z 00432cc0 f   PSINS.obj
 0001:00031e10       ??0CInterp@@QAE@PAPANHH@Z  00432e10 f   PSINS.obj
 0001:00031f50       ??0CInterp@@QAE@PBDH@Z     00432f50 f   PSINS.obj
 0001:00032170       ??1CInterp@@QAE@XZ         00433170 f   PSINS.obj
 0001:00032220       ?Interp@CInterp@@QAENNPAN@Z 00433220 f   PSINS.obj
 0001:00032500       ?flipud@@YAPAEPAEHH@Z      00433500 f   PSINS.obj
 0001:00032620       ?deal32@@YAXPAMZZ          00433620 f   PSINS.obj
 0001:000326a0       ?deal@@YAXPANZZ            004336a0 f   PSINS.obj
 0001:00032720       ??0CContinuousCnt@@QAE@H@Z 00433720 f   PSINS.obj
 0001:00032770       ?Update@CContinuousCnt@@QAEHH@Z 00433770 f   PSINS.obj
 0001:00032810       ?Alignsb@@YA?AVCVect3@@ABV1@0N@Z 00433810 f   PSINS.obj
 0001:00032a60       ?Alignsb@@YA?AVCVect3@@ABV1@00@Z 00433a60 f   PSINS.obj
 0001:00032ac0       ??0CAlignsb@@QAE@NN@Z      00433ac0 f   PSINS.obj
 0001:00032b90       ??0CAlignsb@@QAE@ABVCVect3@@N@Z 00433b90 f   PSINS.obj
 0001:00032c60       ?Init@CAlignsb@@QAEXNN@Z   00433c60 f   PSINS.obj
 0001:00032cd0       ?Init@CAlignsb@@QAEXABVCVect3@@N@Z 00433cd0 f   PSINS.obj
 0001:00032db0       ?SetYaw@CAlignsb@@QAEXN@Z  00433db0 f   PSINS.obj
 0001:00032df0       ?Update@CAlignsb@@QAE?AVCQuat@@PBVCVect3@@0HN@Z 00433df0 f   PSINS.obj
 0001:00032ff0       ??0CAligni0@@QAE@ABVCVect3@@0H@Z 00433ff0 f   PSINS.obj
 0001:00033150       ?Init@CAligni0@@QAEXABVCVect3@@0H@Z 00434150 f   PSINS.obj
 0001:000332e0       ?Update@CAligni0@@QAE?AVCQuat@@PBVCVect3@@0HNABV3@@Z 004342e0 f   PSINS.obj
 0001:00033950       ??0CAligni0fit@@QAE@XZ     00434950 f   PSINS.obj
 0001:00033a50       ??0CAligni0fit@@QAE@ABVCVect3@@@Z 00434a50 f   PSINS.obj
 0001:00033b60       ?Init@CAligni0fit@@QAEXABVCVect3@@@Z 00434b60 f   PSINS.obj
 0001:00033db0       ?Update@CAligni0fit@@QAE?AVCQuat@@PBVCVect3@@0HN@Z 00434db0 f   PSINS.obj
 0001:00034540       ?UpdateNoL@CAligni0fit@@QAE?AVCQuat@@PBVCVect3@@0HN@Z 00435540 f   PSINS.obj
 0001:00034be0       ?pi0t@CAligni0fit@@QAE?AVCVect3@@N@Z 00435be0 f   PSINS.obj
 0001:00034d00       ?pib0t@CAligni0fit@@QAE?AVCVect3@@N@Z 00435d00 f   PSINS.obj
 0001:00034de0       ??0CAlignkf@@QAE@XZ        00435de0 f   PSINS.obj
 0001:00034e40       ??0CAlignkf@@QAE@N@Z       00435e40 f   PSINS.obj
 0001:00034ef0       ??0CAlignkf@@QAE@ABVCSINS@@N@Z 00435ef0 f   PSINS.obj
 0001:00034f70       ?Init@CAlignkf@@QAEXABVCSINS@@@Z 00435f70 f   PSINS.obj
 0001:00035460       ?Update@CAlignkf@@QAEHPBVCVect3@@0HNH@Z 00436460 f   PSINS.obj
 0001:00035540       ?Update@CAlignkf@@QAEHPBVCVect3@@0HNABV2@H@Z 00436540 f   PSINS.obj
 0001:00035630       ??0CAligntrkang@@QAE@NNNN@Z 00436630 f   PSINS.obj
 0001:00035710       ?Init@CAligntrkang@@QAEXABVCSINS@@@Z 00436710 f   PSINS.obj
 0001:00035bf0       ?Update@CAligntrkang@@QAEHPBVCVect3@@0HNABV2@H@Z 00436bf0 f   PSINS.obj
 0001:00035f00       ??0CAlignsv@@QAE@XZ        00436f00 f   PSINS.obj
 0001:00035f60       ??0CAlignsv@@QAE@N@Z       00436f60 f   PSINS.obj
 0001:00035fe0       ??0CAlignsv@@QAE@ABVCVect3@@NNN@Z 00436fe0 f   PSINS.obj
 0001:00036080       ?Init@CAlignsv@@QAEXABVCVect3@@NNN@Z 00437080 f   PSINS.obj
 0001:00036260       ??1CAlignsv@@QAE@XZ        00437260 f   PSINS.obj
 0001:000362e0       ?Update@CAlignsv@@QAEHPBVCVect3@@0H@Z 004372e0 f   PSINS.obj
 0001:00036530       ??0CAligntf@@QAE@N@Z       00437530 f   PSINS.obj
 0001:000365e0       ??0CAligntf@@QAE@ABVCSINS@@N@Z 004375e0 f   PSINS.obj
 0001:00036660       ?Init@CAligntf@@QAEXABVCSINS@@@Z 00437660 f   PSINS.obj
 0001:00036b70       ?SetFt@CAligntf@@UAEXH@Z   00437b70 f   PSINS.obj
 0001:00036bf0       ?SetHk@CAligntf@@UAEXH@Z   00437bf0 f   PSINS.obj
 0001:00036d30       ?Feedback@CAligntf@@UAEXHN@Z 00437d30 f   PSINS.obj
 0001:00036e20       ?Update@CAligntf@@QAEHPBVCVect3@@0HNH@Z 00437e20 f   PSINS.obj
 0001:00036eb0       ?SetMeasVnAtt@CAligntf@@QAEXABVCVect3@@0@Z 00437eb0 f   PSINS.obj
 0001:00037030       ??6CAligntf@@QAEXAAVCFileRdWt@@@Z 00438030 f   PSINS.obj
 0001:000370f0       ??0CUartPP@@QAE@HG@Z       004380f0 f   PSINS.obj
 0001:000371c0       ?checksum@CUartPP@@QAEHPBE@Z 004381c0 f   PSINS.obj
 0001:000372a0       ?push@CUartPP@@QAEHPBEH@Z  004382a0 f   PSINS.obj
 0001:00037380       ?nextIdx@CUartPP@@QAEHH@Z  00438380 f i PSINS.obj
 0001:000373d0       ?pop@CUartPP@@QAEHPAE@Z    004383d0 f   PSINS.obj
 0001:000375a0       ?safeWrite@CUartPP@@QAEHAAVCFileRdWt@@H@Z 004385a0 f   PSINS.obj
 0001:00037660       ?chksum8@@YAEPBEH@Z        00438660 f   PSINS.obj
 0001:000376b0       ?chksum16@@YAGPBGH@Z       004386b0 f   PSINS.obj
 0001:00037710       ?makefrm@@YAHPAXZZ         00438710 f   PSINS.obj
 0001:000377e0       ?flt22db@@YANMM@Z          004387e0 f   PSINS.obj
 0001:00037830       ?db2flt2@@YAXNPAM0@Z       00438830 f   PSINS.obj
 0001:000378c0       ?iga2flt@@YAHPAMPBN1111@Z  004388c0 f   PSINS.obj
 0001:00037c00       ?onExit@@YAXXZ             00438c00 f   PSINS.obj
 0001:00037c40       ??0CConUart@@QAE@XZ        00438c40 f   PSINS.obj
 0001:00037cf0       ?Init@CConUart@@QAEXHHHG@Z 00438cf0 f   PSINS.obj
 0001:00037e80       ?getUart@CConUart@@QAEHXZ  00438e80 f   PSINS.obj
 0001:00037f90       ?dispUart@CConUart@@QAEXH@Z 00438f90 f   PSINS.obj
 0001:000382d0       ?gotorc@CConUart@@QAEXFF@Z 004392d0 f   PSINS.obj
 0001:00038360       ?sendUart@CConUart@@QAEXXZ 00439360 f   PSINS.obj
 0001:00038500       ??0CComUart@@QAE@XZ        00439500 f   PSINS.obj
 0001:000385b0       ?Init@CComUart@@QAEXPAD@Z  004395b0 f   PSINS.obj
 0001:000388b0       ?Init@CComUart@@QAEXHHH@Z  004398b0 f   PSINS.obj
 0001:000389e0       ?getUart@CComUart@@QAEHXZ  004399e0 f   PSINS.obj
 0001:00038ad0       ?dispUart@CComUart@@QAEXH@Z 00439ad0 f   PSINS.obj
 0001:00038f70       ?sendUart@CComUart@@QAEXPAEHH@Z 00439f70 f   PSINS.obj
 0001:00039000       ?gotorc@CComUart@@QAEXFF@Z 0043a000 f   PSINS.obj
 0001:00039090       ?swap16@@YAGG@Z            0043a090 f   PSINS.obj
 0001:000390e0       ?swap24@@YAPAEPAE0@Z       0043a0e0 f   PSINS.obj
 0001:00039140       ?swap32@@YAII@Z            0043a140 f   PSINS.obj
 0001:000391b0       ?swap64@@YAKK@Z            0043a1b0 f   PSINS.obj
 0001:00039250       ?swapbytes@@YAPAEPAEH@Z    0043a250 f   PSINS.obj
 0001:000393b0       ?int24@@YAPAEPAEH@Z        0043a3b0 f   PSINS.obj
 0001:00039420       ?diffint24@@YAHPBE0@Z      0043a420 f   PSINS.obj
 0001:00039500       ?i24i32@@YAHPBE@Z          0043a500 f   PSINS.obj
 0001:00039580       ?r2dm@@YANN@Z              0043a580 f   PSINS.obj
 0001:00039620       ?dm2r@@YANN@Z              0043a620 f   PSINS.obj
 0001:000396c0       ?logtrigger@@YAHHN@Z       0043a6c0 f   PSINS.obj
 0001:00039730       ?IsZero@@YAHNN@Z           0043a730 f i PSINS.obj
 0001:00039780       ?sign@@YAHNN@Z             0043a780 f   PSINS.obj
 0001:000397e0       ?range@@YANNNN@Z           0043a7e0 f   PSINS.obj
 0001:00039850       ?maxn@@YANPBNH@Z           0043a850 f   PSINS.obj
 0001:000398c0       ?minn@@YANPBNH@Z           0043a8c0 f   PSINS.obj
 0001:00039930       ?norm1@@YANPBNH@Z          0043a930 f   PSINS.obj
 0001:000399b0       ?norm@@YANPBNH@Z           0043a9b0 f   PSINS.obj
 0001:00039a30       ?normInf@@YANPBNH@Z        0043aa30 f   PSINS.obj
 0001:00039ac0       ?attract@@YANNNN@Z         0043aac0 f   PSINS.obj
 0001:00039b30       ?polyval@@YANPBNHN@Z       0043ab30 f   PSINS.obj
 0001:00039b90       ?atan2Ex@@YANNN@Z          0043ab90 f   PSINS.obj
 0001:00039c30       ?diffYaw@@YANNN@Z          0043ac30 f   PSINS.obj
 0001:00039ca0       ?MKQt@@YANNN@Z             0043aca0 f   PSINS.obj
 0001:00039cd0       ?MKQt@@YA?AVCVect3@@ABV1@0@Z 0043acd0 f   PSINS.obj
 0001:00039d60       ?unixt2gpst@@YANNH@Z       0043ad60 f   PSINS.obj
 0001:00039db0       ?chkhdr@@YAHPBD0@Z         0043adb0 f   PSINS.obj
 0001:00039e20       ?randn@@YANNN@Z            0043ae20 f   PSINS.obj
 0001:00039ee0       ?randn@@YA?AVCVect3@@ABV1@0@Z 0043aee0 f   PSINS.obj
 0001:00039f90       ?randn@@YA?AVCVect@@ABV1@0@Z 0043af90 f   PSINS.obj
 0001:0003a090       ?randn@@YA?AVCMat3@@ABV1@ABN@Z 0043b090 f   PSINS.obj
 0001:0003a130       ?randn@@YA?AVCMat@@ABV1@ABN@Z 0043b130 f   PSINS.obj
 0001:0003a220       ?deci@@YAPAHHPAH@Z         0043b220 f   PSINS.obj
 0001:0003a330       ?add@@YAXAAVCVect3@@ABV1@1@Z 0043b330 f   PSINS.obj
 0001:0003a390       ?add@@YAXAAVCMat3@@ABV1@1@Z 0043b390 f   PSINS.obj
 0001:0003a450       ?add@@YAXAAVCVect@@ABV1@1@Z 0043b450 f   PSINS.obj
 0001:0003a4d0       ?add@@YAXAAVCMat@@ABV1@1@Z 0043b4d0 f   PSINS.obj
 0001:0003a550       ?sub@@YAXAAVCVect3@@ABV1@1@Z 0043b550 f   PSINS.obj
 0001:0003a5b0       ?sub@@YAXAAVCMat3@@ABV1@1@Z 0043b5b0 f   PSINS.obj
 0001:0003a670       ?sub@@YAXAAVCVect@@ABV1@1@Z 0043b670 f   PSINS.obj
 0001:0003a6f0       ?sub@@YAXAAVCMat@@ABV1@1@Z 0043b6f0 f   PSINS.obj
 0001:0003a770       ?cros@@YAXAAVCVect3@@ABV1@1@Z 0043b770 f   PSINS.obj
 0001:0003a810       ?dotmul@@YAXAAVCVect3@@ABV1@1@Z 0043b810 f   PSINS.obj
 0001:0003a870       ?dotdiv@@YAXAAVCVect3@@ABV1@1@Z 0043b870 f   PSINS.obj
 0001:0003a8d0       ?mul@@YAXAAVCVect3@@ABV1@ABN@Z 0043b8d0 f   PSINS.obj
 0001:0003a920       ?mul@@YAXAAVCMat3@@ABV1@ABN@Z 0043b920 f   PSINS.obj
 0001:0003a9e0       ?mul@@YAXAAVCVect@@ABV1@ABN@Z 0043b9e0 f   PSINS.obj
 0001:0003aa70       ?mul@@YAXAAVCVect@@ABVCMat@@ABV1@@Z 0043ba70 f   PSINS.obj
 0001:0003ab50       ?mul@@YAXAAVCMat@@ABV1@ABN@Z 0043bb50 f   PSINS.obj
 0001:0003abe0       ?mul@@YAXAAVCVect3@@ABVCMat3@@ABV1@@Z 0043bbe0 f   PSINS.obj
 0001:0003ac90       ?mul@@YAXAAVCVect3@@ABV1@ABVCMat3@@@Z 0043bc90 f   PSINS.obj
 0001:0003ad40       ?mul@@YAXAAVCMat3@@ABV1@1@Z 0043bd40 f   PSINS.obj
 0001:0003af40       ?mul@@YAXAAVCQuat@@ABV1@1@Z 0043bf40 f   PSINS.obj
 0001:0003b070       ?mul@@YAXAAVCVect3@@ABVCQuat@@ABV1@@Z 0043c070 f   PSINS.obj
 0001:0003b1d0       ?_TT@@YAXAAVCMat3@@ABV1@@Z 0043c1d0 f   PSINS.obj
 0001:0003b290       ?rv2q@@YAXAAVCQuat@@ABVCVect3@@@Z 0043c290 f   PSINS.obj
 0001:0003b3b0       ?qdelphi@@YAXAAVCQuat@@ABVCVect3@@@Z 0043c3b0 f   PSINS.obj
 0001:0003b4d0       ?q2mat@@YAXAAVCMat3@@ABVCQuat@@@Z 0043c4d0 f   PSINS.obj
 0001:0003b610       ?m2att@@YAXAAVCVect3@@ABVCMat3@@@Z 0043c610 f   PSINS.obj
 0001:0003b7a0       _asinf                     0043c7a0 f i PSINS.obj
 0001:0003b7e0       _atan2f                    0043c7e0 f i PSINS.obj
 0001:0003b830       ?AXbt@@YAXAAVCVect3@@ABVCMat3@@ABV1@2ABN@Z 0043c830 f   PSINS.obj
 0001:0003b920       ?ClassSizeDisp@@YAXH@Z     0043c920 f   PSINS.obj
 0001:0003bac0       ?Demo_User@@YAXXZ          0043cac0 f   PSINS_Demo.obj
 0001:0003bb90       ?Demo_CIIRV3@@YAXXZ        0043cb90 f   PSINS_Demo.obj
 0001:0003bd70       ?Demo_CMaxMin@@YAXXZ       0043cd70 f   PSINS_Demo.obj
 0001:0003bee0       ?Demo_CVAR@@YAXXZ          0043cee0 f   PSINS_Demo.obj
 0001:0003c030       ?Demo_CVARn@@YAXXZ         0043d030 f   PSINS_Demo.obj
 0001:0003c1a0       ?Demo_CRAvar@@YAXXZ        0043d1a0 f   PSINS_Demo.obj
 0001:0003c330       ?Demo_CSINS_static@@YAXXZ  0043d330 f   PSINS_Demo.obj
 0001:0003c6a0       ?Demo_CSINS_Error@@YAXXZ   0043d6a0 f   PSINS_Demo.obj
 0001:0003ce40       ?Demo_Extern_C_example@@YAXXZ 0043de40 f   PSINS_Demo.obj
 0001:0003ce60       ?Demo_CAlignsv@@YAXXZ      0043de60 f   PSINS_Demo.obj
 0001:0003d020       ??1CFileIMU6@@QAE@XZ       0043e020 f i PSINS_Demo.obj
 0001:0003d060       ?Demo_CAlignNoLat@@YAXXZ   0043e060 f   PSINS_Demo.obj
 0001:0003d270       ?Demo_CAligntf@@YAXXZ      0043e270 f   PSINS_Demo.obj
 0001:0003d530       ?Demo_CAlign_CSINS@@YAXXZ  0043e530 f   PSINS_Demo.obj
 0001:0003d7c0       ?Demo_CSINSGNSS@@YAXXZ     0043e7c0 f   PSINS_Demo.obj
 0001:0003dcd0       ??1CFileIMUGNSS@@QAE@XZ    0043ecd0 f i PSINS_Demo.obj
 0001:0003dd10       ?Demo_CSINSGNSSDR@@YAXXZ   0043ed10 f   PSINS_Demo.obj
 0001:0003dff0       ??1CFileRdSr49@@QAE@XZ     0043eff0 f i PSINS_Demo.obj
 0001:0003e030       ?Demo_SINSOD@@YAXXZ        0043f030 f   PSINS_Demo.obj
 0001:0003e2c0       ?Demo_POS618@@YAXXZ        0043f2c0 f   PSINS_Demo.obj
 0001:0003e3d0       ?Demo_CNS_PrecNut@@YAXXZ   0043f3d0 f   PSINS_Demo.obj
 0001:0003e5b0       ?Demo_SINSCNS@@YAXXZ       0043f5b0 f   PSINS_Demo.obj
 0001:0003e900       ?Demo_IMUTempCompensate@@YAXXZ 0043f900 f   PSINS_Demo.obj
 0001:0003e9f0       ?Demo_CVCFileFind@@YAXXZ   0043f9f0 f   PSINS_Demo.obj
 0001:0003ea10       ?Demo_DSP_main@@YAXXZ      0043fa10 f   PSINS_Demo.obj
 0001:0003ea30       ?Demo_CONSOLE_UART@@YAXXZ  0043fa30 f   PSINS_Demo.obj
 0001:0003ee00       ??1CConUart@@QAE@XZ        0043fe00 f i PSINS_Demo.obj
 0001:0003ee80       ?Demo_COMMON_UART@@YAXXZ   0043fe80 f   PSINS_Demo.obj
 0001:0003efa0       ??1CComUart@@QAE@XZ        0043ffa0 f i PSINS_Demo.obj
 0001:0003f020       ?Demo_Cfg@@YAXXZ           00440020 f   PSINS_Demo.obj
 0001:0003f220       ?Demo_CPolyfit@@YAXXZ      00440220 f   PSINS_Demo.obj
 0001:0003f490       ?Demo_CAligni0@@YAXXZ      00440490 f   PSINS_Demo.obj
 0001:0003f750       ?Demo_SysClbt@@YAXXZ       00440750 f   PSINS_Demo.obj
 0001:0003fbd0       ?Demo_GKP@@YAXXZ           00440bd0 f   PSINS_Demo.obj
 0001:0003fdb0       ?Demo_CIMUInc@@YAXXZ       00440db0 f   PSINS_Demo.obj
 0001:0003ff30       ?Demo_Extract_Txt_File@@YAXXZ 00440f30 f   PSINS_Demo.obj
 0001:000400b0       ?Demo_Extract_Txt_File_bin@@YAXXZ 004410b0 f   PSINS_Demo.obj
 0001:00040220       ?Demo_operator_pointer_run_time@@YAXXZ 00441220 f   PSINS_Demo.obj
 0001:00040470       ??0CFileIMU6@@QAE@PBD@Z    00441470 f i PSINS_Demo.obj
 0001:00040710       ?load@CFileIMU6@@QAEHHH@Z  00441710 f i PSINS_Demo.obj
 0001:00040820       ??0CFileIMUGNSS@@QAE@PBD@Z 00441820 f i PSINS_Demo.obj
 0001:00040a20       ?load@CFileIMUGNSS@@QAEHH@Z 00441a20 f i PSINS_Demo.obj
 0001:00040a90       ??0CFileRdSr49@@QAE@PBD@Z  00441a90 f i PSINS_Demo.obj
 0001:00040b90       ?load@CFileRdSr49@@QAEHH@Z 00441b90 f i PSINS_Demo.obj
 0001:00040d50       ?waitforgps@CFileRdSr49@@QAEHXZ 00441d50 f i PSINS_Demo.obj
 0001:00040dc0       ??0DataSensor49@@QAE@XZ    00441dc0 f i PSINS_Demo.obj
 0001:00040ed0       ?getRegKeyValues@@YA_NV?$basic_string@DU?$char_traits@D@std@@V?$allocator@D@2@@std@@AAV?$list@V?$basic_string@DU?$char_traits@D@std@@V?$allocator@D@2@@std@@V?$allocator@V?$basic_string@DU?$char_traits@D@std@@V?$allocator@D@2@@std@@@2@@2@@Z 00441ed0 f   SerialPort.obj
 0001:000411e0       ??0CSerialPort@itas109@@QAE@XZ 004421e0 f   SerialPort.obj
 0001:00041330       ??1CSerialPort@itas109@@UAE@XZ 00442330 f   SerialPort.obj
 0001:00041420       ?InitPort@CSerialPort@itas109@@QAEHPAUHWND__@@IIDIIKIKKKKK@Z 00442420 f   SerialPort.obj
 0001:000419c0       ?CommThread@CSerialPort@itas109@@KGKPAX@Z 004429c0 f   SerialPort.obj
 0001:00041e20       ?StartMonitoring@CSerialPort@itas109@@QAEHXZ 00442e20 f   SerialPort.obj
 0001:00041e90       ?ResumeMonitoring@CSerialPort@itas109@@QAEHXZ 00442e90 f   SerialPort.obj
 0001:00041ee0       ?SuspendMonitoring@CSerialPort@itas109@@QAEHXZ 00442ee0 f   SerialPort.obj
 0001:00041f30       ?IsThreadSuspend@CSerialPort@itas109@@QAEHPAX@Z 00442f30 f   SerialPort.obj
 0001:00041fa0       ?ProcessErrorMessage@CSerialPort@itas109@@IAEXPAD@Z 00442fa0 f   SerialPort.obj
 0001:00042060       ?WriteChar@CSerialPort@itas109@@KAXPAV12@@Z 00443060 f   SerialPort.obj
 0001:00042390       ?ReceiveChar@CSerialPort@itas109@@KAXPAV12@@Z 00443390 f   SerialPort.obj
 0001:00042650       ?ReceiveStr@CSerialPort@itas109@@KAXPAV12@@Z 00443650 f   SerialPort.obj
 0001:00042970       ?GetDCB@CSerialPort@itas109@@QAE?AU_DCB@@XZ 00443970 f   SerialPort.obj
 0001:000429b0       ?GetCommEvents@CSerialPort@itas109@@QAEKXZ 004439b0 f   SerialPort.obj
 0001:000429e0       ?GetWriteBufferSize@CSerialPort@itas109@@QAEKXZ 004439e0 f   SerialPort.obj
 0001:00042a10       ?IsOpened@CSerialPort@itas109@@QAEHXZ 00443a10 f   SerialPort.obj
 0001:00042a50       ?ClosePort@CSerialPort@itas109@@QAEXXZ 00443a50 f   SerialPort.obj
 0001:00042c10       ?WriteToPort@CSerialPort@itas109@@QAEXPADI@Z 00443c10 f   SerialPort.obj
 0001:00042d00       ?WriteToPort@CSerialPort@itas109@@QAEXPAEI@Z 00443d00 f   SerialPort.obj
 0001:00042df0       ?GetVersion@CSerialPort@itas109@@QAE?AV?$basic_string@DU?$char_traits@D@std@@V?$allocator@D@2@@std@@XZ 00443df0 f   SerialPort.obj
 0001:00042e90       ??0CSerialPortInfo@itas109@@QAE@XZ 00443e90 f   SerialPort.obj
 0001:00042ec0       ??1CSerialPortInfo@itas109@@QAE@XZ 00443ec0 f   SerialPort.obj
 0001:00042ef0       ?availablePorts@CSerialPortInfo@itas109@@SA?AV?$list@V?$basic_string@DU?$char_traits@D@std@@V?$allocator@D@2@@std@@V?$allocator@V?$basic_string@DU?$char_traits@D@std@@V?$allocator@D@2@@std@@@2@@std@@XZ 00443ef0 f   SerialPort.obj
 0001:00042fc0       ??0?$basic_string@DU?$char_traits@D@std@@V?$allocator@D@2@@std@@QAE@ABV?$allocator@D@1@@Z 00443fc0 f i SerialPort.obj
 0001:00043010       ??0?$basic_string@DU?$char_traits@D@std@@V?$allocator@D@2@@std@@QAE@ABV01@@Z 00444010 f i SerialPort.obj
 0001:00043070       ??0?$basic_string@DU?$char_traits@D@std@@V?$allocator@D@2@@std@@QAE@PBDABV?$allocator@D@1@@Z 00444070 f i SerialPort.obj
 0001:000430d0       ??1?$basic_string@DU?$char_traits@D@std@@V?$allocator@D@2@@std@@QAE@XZ 004440d0 f i SerialPort.obj
 0001:00043110       ??4?$basic_string@DU?$char_traits@D@std@@V?$allocator@D@2@@std@@QAEAAV01@ABV01@@Z 00444110 f i SerialPort.obj
 0001:00043150       ?c_str@?$basic_string@DU?$char_traits@D@std@@V?$allocator@D@2@@std@@QBEPBDXZ 00444150 f i SerialPort.obj
 0001:000431a0       ??0?$list@UserialPortBuffer@@V?$allocator@UserialPortBuffer@@@std@@@std@@QAE@ABV?$allocator@UserialPortBuffer@@@1@@Z 004441a0 f i SerialPort.obj
 0001:00043200       ??1?$list@UserialPortBuffer@@V?$allocator@UserialPortBuffer@@@std@@@std@@QAE@XZ 00444200 f i SerialPort.obj
 0001:00043280       ?size@?$list@UserialPortBuffer@@V?$allocator@UserialPortBuffer@@@std@@@std@@QBEIXZ 00444280 f i SerialPort.obj
 0001:000432b0       ?push_back@?$list@UserialPortBuffer@@V?$allocator@UserialPortBuffer@@@std@@@std@@QAEXABUserialPortBuffer@@@Z 004442b0 f i SerialPort.obj
 0001:00043300       ??0iterator@?$list@UserialPortBuffer@@V?$allocator@UserialPortBuffer@@@std@@@std@@QAE@XZ 00444300 f i SerialPort.obj
 0001:00043340       ??0?$list@V?$basic_string@DU?$char_traits@D@std@@V?$allocator@D@2@@std@@V?$allocator@V?$basic_string@DU?$char_traits@D@std@@V?$allocator@D@2@@std@@@2@@std@@QAE@ABV?$allocator@V?$basic_string@DU?$char_traits@D@std@@V?$allocator@D@2@@std@@@1@@Z 00444340 f i SerialPort.obj
 0001:000433a0       ??0?$list@V?$basic_string@DU?$char_traits@D@std@@V?$allocator@D@2@@std@@V?$allocator@V?$basic_string@DU?$char_traits@D@std@@V?$allocator@D@2@@std@@@2@@std@@QAE@ABV01@@Z 004443a0 f i SerialPort.obj
 0001:00043430       ??1?$list@V?$basic_string@DU?$char_traits@D@std@@V?$allocator@D@2@@std@@V?$allocator@V?$basic_string@DU?$char_traits@D@std@@V?$allocator@D@2@@std@@@2@@std@@QAE@XZ 00444430 f i SerialPort.obj
 0001:000434b0       ?empty@?$list@V?$basic_string@DU?$char_traits@D@std@@V?$allocator@D@2@@std@@V?$allocator@V?$basic_string@DU?$char_traits@D@std@@V?$allocator@D@2@@std@@@2@@std@@QBE_NXZ 004444b0 f i SerialPort.obj
 0001:000434f0       ?push_back@?$list@V?$basic_string@DU?$char_traits@D@std@@V?$allocator@D@2@@std@@V?$allocator@V?$basic_string@DU?$char_traits@D@std@@V?$allocator@D@2@@std@@@2@@std@@QAEXABV?$basic_string@DU?$char_traits@D@std@@V?$allocator@D@2@@2@@Z 004444f0 f i SerialPort.obj
 0001:00043540       ?clear@?$list@V?$basic_string@DU?$char_traits@D@std@@V?$allocator@D@2@@std@@V?$allocator@V?$basic_string@DU?$char_traits@D@std@@V?$allocator@D@2@@std@@@2@@std@@QAEXXZ 00444540 f i SerialPort.obj
 0001:000435a0       ?assign@?$basic_string@DU?$char_traits@D@std@@V?$allocator@D@2@@std@@QAEAAV12@ABV12@@Z 004445a0 f i SerialPort.obj
 0001:000435f0       ?assign@?$basic_string@DU?$char_traits@D@std@@V?$allocator@D@2@@std@@QAEAAV12@ABV12@II@Z 004445f0 f i SerialPort.obj
 0001:00043770       ?copy@?$char_traits@D@std@@SAPADPADPBDI@Z 00444770 f i SerialPort.obj
 0001:000437b0       ?size@?$basic_string@DU?$char_traits@D@std@@V?$allocator@D@2@@std@@QBEIXZ 004447b0 f i SerialPort.obj
 0001:000437e0       ?assign@?$basic_string@DU?$char_traits@D@std@@V?$allocator@D@2@@std@@QAEAAV12@PBD@Z 004447e0 f i SerialPort.obj
 0001:00043830       ?length@?$char_traits@D@std@@SAIPBD@Z 00444830 f i SerialPort.obj
 0001:00043870       ?_Nullstr@?$basic_string@DU?$char_traits@D@std@@V?$allocator@D@2@@std@@CAPBDXZ 00444870 f i SerialPort.obj
 0001:000438a0       ?_Tidy@?$basic_string@DU?$char_traits@D@std@@V?$allocator@D@2@@std@@AAEX_N@Z 004448a0 f i SerialPort.obj
 0001:00043980       ??0const_iterator@?$list@UserialPortBuffer@@V?$allocator@UserialPortBuffer@@@std@@@std@@QAE@XZ 00444980 f i SerialPort.obj
 0001:000439b0       ?begin@?$list@V?$basic_string@DU?$char_traits@D@std@@V?$allocator@D@2@@std@@V?$allocator@V?$basic_string@DU?$char_traits@D@std@@V?$allocator@D@2@@std@@@2@@std@@QAE?AViterator@12@XZ 004449b0 f i SerialPort.obj
 0001:00043a10       ?begin@?$list@V?$basic_string@DU?$char_traits@D@std@@V?$allocator@D@2@@std@@V?$allocator@V?$basic_string@DU?$char_traits@D@std@@V?$allocator@D@2@@std@@@2@@std@@QBE?AVconst_iterator@12@XZ 00444a10 f i SerialPort.obj
 0001:00043a70       ?end@?$list@V?$basic_string@DU?$char_traits@D@std@@V?$allocator@D@2@@std@@V?$allocator@V?$basic_string@DU?$char_traits@D@std@@V?$allocator@D@2@@std@@@2@@std@@QAE?AViterator@12@XZ 00444a70 f i SerialPort.obj
 0001:00043ac0       ?end@?$list@V?$basic_string@DU?$char_traits@D@std@@V?$allocator@D@2@@std@@V?$allocator@V?$basic_string@DU?$char_traits@D@std@@V?$allocator@D@2@@std@@@2@@std@@QBE?AVconst_iterator@12@XZ 00444ac0 f i SerialPort.obj
 0001:00043b10       ?size@?$list@V?$basic_string@DU?$char_traits@D@std@@V?$allocator@D@2@@std@@V?$allocator@V?$basic_string@DU?$char_traits@D@std@@V?$allocator@D@2@@std@@@2@@std@@QBEIXZ 00444b10 f i SerialPort.obj
 0001:00043b40       ?insert@?$list@V?$basic_string@DU?$char_traits@D@std@@V?$allocator@D@2@@std@@V?$allocator@V?$basic_string@DU?$char_traits@D@std@@V?$allocator@D@2@@std@@@2@@std@@QAE?AViterator@12@V312@ABV?$basic_string@DU?$char_traits@D@std@@V?$allocator@D@2@@2@@Z 00444b40 f i SerialPort.obj
 0001:00043c20       ?insert@?$list@V?$basic_string@DU?$char_traits@D@std@@V?$allocator@D@2@@std@@V?$allocator@V?$basic_string@DU?$char_traits@D@std@@V?$allocator@D@2@@std@@@2@@std@@QAEXViterator@12@Vconst_iterator@12@1@Z 00444c20 f i SerialPort.obj
 0001:00043c90       ?erase@?$list@V?$basic_string@DU?$char_traits@D@std@@V?$allocator@D@2@@std@@V?$allocator@V?$basic_string@DU?$char_traits@D@std@@V?$allocator@D@2@@std@@@2@@std@@QAE?AViterator@12@V312@0@Z 00444c90 f i SerialPort.obj
[...]
FIXUPS: 59595 28 ffffd0c6 5121 4a 94 2b fffff903 56 1e 13 22 fffffe07 36
FIXUPS: 5b0be 1f 29 26 17 12 1c fffffcda fffffebc 50 c 5a fffffa21 18 11b
FIXUPS: 5a932 4b 5d 17 b5 fffff92e 2289 41 93 20 68 82 10 30 10 30 10 fffff3a6
FIXUPS: 5bc92 21 24 2a 23 fffffec6 14 fffffcf6 1c 77 3a 59 15 17 1d 14
FIXUPS: 5ba8a 14 1a 19 16b5 24 17 fffffdcd 2b fffffd4d 2a 44 4b fffffe4d
FIXUPS: 5cc36 44 4b ffffff11 fffffe19 29 ffffffa0 17 fffff815 41 8c 14
FIXUPS: 5c534 19 1c 13 2a 3a 10 13 16 26 1e7a fffffb20 fffffadb 2a0 5a
FIXUPS: 5dde2 37 60 21 20 1d 11 15 15 fffffabc 37 fffffc5f 2bf 2d 2f fffffaff
FIXUPS: 5d4a7 19 2c fffffd2e 85 69 33 8c 34 fffffd06 72 1c05 35 35 13a
FIXUPS: 5ef28 10 c 27 6c fffffc80 1d fffffe7b fffffb63 48 141 52 35 140
FIXUPS: 5e51e 5f fffffbaa 4d 40 40 43 4d 40 43 50 50 4d 65 1e87 11 71 5f
FIXUPS: 603de c 47 fffffd4f 43 ffffff4b fffffba4 43 33 24 bd 2d 9b 32 43
FIXUPS: 5ff52 10 c fffff35c 14d eb 1c8 8c 152 6d 238 13 fffff1f7 221b 3a
FIXUPS: 60fec 3e 33 4b 59 5a c 19 42 3c a7 19 28 c 21 fffff822 19 d9 13f
FIXUPS: 60e04 fffff9e4 70 4f 1df fffffa1f a7 fffffc9d 73 1c 1f fffe5da8
FIXUPS: 46088 13 e 1c32b b fffe3cf0 35 1d e 1c 13 21 25 5 5 5 16 50 fffffb2f
FIXUPS: 61bb6 fffffb6f 79 81 12 42 2f 87 fffffd66 fffffdc7 fffffaae 45
FIXUPS: 2663 13 13 13 436ec 13 e 1c5ab b fffe3a85 19 1c577 b fffe3abf 23
FIXUPS: 45e6f 44 f 1c4d2 b fffe3b4c 13 21 4e 16 1c431 b fffe3c05 1d e 1c
FIXUPS: 4601e fffbc23d 1a 2f 10 30 1a 37 17 3b 7 c e b 10 e b 10 c c 27
FIXUPS: 2467 d 2e 10 37 18 71 10 4f 13 13 56 fffff598 1b 17 cd 10 b1 10
FIXUPS: 1de6 10 64 10 35 38 162 64 44 11 11 11 f 8 c 15 11 d 1b 14 10 3f
FIXUPS: 21ff 36 17 fffff608 31 e 17 3b e 17 3e 17 34 c 11 11 f 33 20 25
FIXUPS: 1a60 34 10 30 1a 37 17 35 c 12 b e 11 b 15 f58 d 2b 5 d 33 10 39
FIXUPS: 2c11 ffffe41e 19 3f b8 d3 bd 85 45 30 ba 13 e3 5 d 73 10 149 6d
FIXUPS: 17ff 1c f f b fbe 7 7 7 7 5 7 7 7 7 7 7 7 7 7 7 7 7 7 7 31 ca 2a
FIXUPS: 29ee 7 12 2b 17 f 12 1a 5f1a2 fffdad4e 12 12 12 12 12 12 12 12
FIXUPS: 3ca1b a d 27 5 d 33 10 fffc5c60 68 a a a a a a a a a a a a a 38765
FIXUPS: 3af79 49 93 30 2d 4a 2a 13 2d 75 30 b6f 1b8 3ff 19 15 48 25 d ef
FIXUPS: 3c666 7c 89 22 35 13 36 13 120 12 12 ffffd1fe 81 b7 280 d 2c 13
FIXUPS: 39f9f 29 1c d 55 2b d 54d 9d 3a8 10 19b 1e 2c 16 11c 1c 3f 10 be
FIXUPS: 3ae94 42 39 21 1f ffffe6b2 a 40 43 10 bf 8b 29 a 23 54 10 38 1d
FIXUPS: 39934 f 12 a e 23 f 18 10 42 29 10 1e 36 16 10 8b f fffff426 5f
FIXUPS: 39018 88 55 c7 61 25 22 26 23 10 59 2b d 30 e 1f 51 7e 16 49 1c
FIXUPS: 39543 e 15 11 2a 28869 b fffd77a4 28 fffff59c 54 22 37 d 4c e 15
FIXUPS: 38cb7 2a 29109 b fffd6f04 37 55 1d 49 f 12 a e a 3f 3c 20 f c 1e
FIXUPS: 38f1d 31 16 8 fffff050 1e a d 21 10 85 7 7 7 7 7 7 7 d 226 4d 1e
FIXUPS: 38481 a1 17 55 52 7 9 32 2e 20c 27 184 3b 100 fffff0e2 19 1c 16
FIXUPS: 37c85 16 16 16 26 a 13 10 46 18 18 17 18 18 17 28 41 1f 19 10 43
FIXUPS: 37f0a 1a 1e 13 2c 15 16 fffff57a 13 30 e e 29 9 13 45 e e 15 10
FIXUPS: 3768d 5c 17 17 b8 ae af 85 50 1f 31 27 c9 16 3c 14 14 19 d fffff1a4
FIXUPS: 36dba c0 4a 2f 2e 1a 19 35 1a 26 40 1a 3a 10 121 2e 23 26 9 3c
FIXUPS: 61dc5 c fffd54df 26 13 46 4f ac 9 43 30 fffff105 20 24 29 21 30
FIXUPS: 36677 66 9 13 44 12 1f 1f 1f f2 c4 f5 31 1f 31 2a 6f 67 3a 30 2f
FIXUPS: 36c8f 1d 24 b 86 fffff0bc 19 13 30 e e 29 9 13 45 e e 15 10 3b
FIXUPS: 3604b a7 9c 72 a7 4b 1f 31 27 a5 45 46 1e 3d 42 43 c fffff479 7
FIXUPS: 35a51 7 10 7 18 21 d 10 4a d 33 10 a 2b 38 b3 19 17 7 7 7 7 1f
FIXUPS: 35d32 2a 3b 1d 1c 31 e fffff6b8 25 13 35 4d 27 13 48 7 7 c 2f 2a
FIXUPS: 356b2 1f 16 19 43 10 49 af 23 57 1c 6 b 29 6 3a 22 6a 7 fffff7ad
FIXUPS: 351ab 7 18 21 d 10 3e d 10 10 a 4a d 30 10 a 2b 51 7 7 d 40 22
FIXUPS: 35432 21 18 a 7 7 1b 16 fffff6e4 b4 65 d 10 10 5d 4a 20 4c 27 13
FIXUPS: 34e73 7 7 c 2f 2a 3c 1f 16 19 43 10 49 af 23 4d 7 10 7 4b fffff7a9
FIXUPS: 34971 b b b b b e e e e e 2c e e 10 2b b b b b b e e e e e 2c e
FIXUPS: 34b36 c 10 fffff8e8 a 10 31 3d c 23 24 7 9 16 2b 2c 16 2f 16 e4
FIXUPS: 346ea 3d 10 3c a6 10 44 d 10 10 a 40 10 a 7 fffff681 25 3b 2e b
FIXUPS: 3402a b b e e e e e e e e 2c e e e e 14 10 4a 12d 1f 5c 1e 2b 2d
FIXUPS: 343f9 d fffff6ff b e 2c e 18 10 34 b b b b e 2c e 14 10 4d 9 1c
FIXUPS: 33d91 d 9a f 2f 5e 10 28 22 7 28 22 fffff256 27 17 2eb94 b fffd149b
FIXUPS: 33449 a5 2f 35 1d 27 2f 14 18 1a 22c 13 f 15 15 15 93 75 74 13
FIXUPS: 33a49 46 1f 36 b b fffff218 3b 16 15 27 37 29 50 40 28 f 73 2ee0e
FIXUPS: 61d53 b fffd1231 28 11 2c 32 49 6 f d 47 18 4c 24 2ec17 c d c fffd069e
FIXUPS: 324aa f 15 7a 1e 1b 3c 10 df 19 5e 2c 15 1d 75 10 2da 15 4a e e
FIXUPS: 32b7e 29 3d 5e 2f0e3 c fffd0f5e 22 3c 19 fffff21f 43 4d 1e 2b 53
FIXUPS: 3206f 2b 51 1e 2e ac 9 11 e 37 1d 2fa76 b fffd05e3 9 11 e 37 1d
FIXUPS: 61d05 b fffd0668 2b 9 14 4f fffff5a0 c 1a 17 17 1c 4b 15 1a 58
FIXUPS: 31b2d 13 3d 13 3d 13 3d 13 3d 13 3d 13 3d 13 48 13 4a 27 49 28
FIXUPS: 31ea5 35 fffff410 ac 15 14 10 57 29 19 6e 21 1d 15 77 31 45 31
FIXUPS: 31678 29 13 13 7b 1d 15 72 31 20 15 13 55 1a 88 1a fffff4b4 22
FIXUPS: 30e56 28 25 d 1f 46 d 10 43 d 10 48 d 10 52 d 10 5b d 10 6e d 10
FIXUPS: 311de f 10 68 34 34 d fffff557 13 14 3d 13 14 28 21 d 13 37 21
FIXUPS: 30997 56 24 11b 27 6a 58 16 6f 40 c 2f 11 1d 10 32 13 23 43 c fffff546
FIXUPS: 30360 67 a 11 c 7 7 7 10 44 13 8b 15 7 7 7 7 7 1d 42 13 3d 13 3d
FIXUPS: 3063f 3d 13 4b 13 4d 13 fffff913 79 7 7 7 7 7 45 7 7 7 7 7 d 62
FIXUPS: 301da 7 7 7 d 47 13 46 c 7 7 d 4c 20 c 7 7 fffff8e1 13 4d 13 49
FIXUPS: 2fcf9 dd 7 7 7 7 7 7 15 4e 7 7 7 d 58 c 7 7 7 d 63 12 5f 12 54
FIXUPS: 3004c 7 fffff611 30 15 e 1a 26 13 53 25 32 21 e 1d 48 4b 11 10
FIXUPS: 2f90d 2a 76 10 8d 11 3d 44 13 3d 13 3d 13 3d 13 ffffef94 2a 20
FIXUPS: 2ebcd 75 15 13 42 19 3b 73 27 13 15 1d 2a 2e 2d 20 11f 9b 64 5e
FIXUPS: 2f126 23 3c 100 f2 1b3 40 5a 25 fffff0d8 d 10 1f 7 19 63 7 d 10
FIXUPS: 2e7c3 7 19 43 48 90 54 38 c 20 1f 1f 13 29 1c 31 18 32 1c 2a 18
FIXUPS: 2eb57 fffff481 45 e e 1d 10 119 2d 19 19 19 f 10 98 1c bc 1d 37
FIXUPS: 2e3fa d 10 59 a 41 7 d 12 ae 2d 9 27 ce ffffef96 7 2a f 2c a 38
FIXUPS: 2d742 a 29 10 d f 13 167 40 e 16 4e 58 4c 7d 4b 2c 20 28 3b3 12
FIXUPS: 2df81 8 f 1b fffff111 45 30 a 36 2a 37 b e e 10 51 4e 7 35 8d 3a
FIXUPS: 2d437 8 8 8 b 26 57 34 37 31 22 15 32 a 49 fffff2cd 19 1c 26 10
FIXUPS: 2c971 7 d 2e 19 38 3a 18 18 e e e 10 58 33 d 144 27 d 15c 1c4 27
FIXUPS: 2d009 35 6 46 30 fffff222 f0 36 2e 23 1c 25 36 28 3d 1c 24 28 a
FIXUPS: 2c5a8 38 c5 1d 29 41 4b 1e 24 28 a 7 2b 25 16 d a 38 fffff3d4 37
FIXUPS: 2bcd1 43 25 23 f 12 25 12 18 2f 1f 3a e e e e 16 10 e4 128 22 65
FIXUPS: 2c155 24 19 b8 2a 25 a 7 fffff3bb 10 a2 13 13 35 1b 33 a 30 16
FIXUPS: 2b832 40 a d a 7 28 2b 32 10 6f ad 56 7 138 a d a 22 3c 14 fffff3e7
FIXUPS: 2b0b0 7 1e 42 5f 28 27 2f 33 103 d 5b e e e e e e e e e 10 54 27
FIXUPS: 2b4b1 61 a 25 2b 2a 5d fffff2f8 1c 4e 38 58 61 ff 4c 59 38 10 57
FIXUPS: 2acb4 28 33 d 27 7 2d 13 b7 63 22 30 12 12 3c f d 47 9 d fffff3a2
FIXUPS: 2a396 4f 30 7 13 7 36 16 2f d 19 d 25 b7 19 30 3b 16 37 16 36 16
FIXUPS: 2a724 16 1c c3 19 31 37 10 31 fffff14f 32 16 2d 13 16 3b 44 a d
FIXUPS: 29b68 7 28 2b 2a 34 430 5b 77 45 1e f 27 10 c7 1b 13 7 32 16 22
FIXUPS: 2a34a fffff27c 2b 34 39 22 27 7 32 27 7 2f 16 2a 16 2d 20 32 30
FIXUPS: 29858 32 32 a 30 16 30 58 a d a 7 32 32 fffff39e 4c d0 11 16 10
FIXUPS: 291db 22 27 7 32 26 7 39 1d 2f 4c 33 a 4a 30 33 33 a 32 16 2d 13
FIXUPS: 29520 3b 19 28 fffff294 e e e e e e e e e e e e e e e e 14 14 1c
FIXUPS: 28964 42 c d 256 13 9 c 20 1d a d8 fffff914 e e e e e e e e e e
FIXUPS: 2870a e e e e e e e e e e e e e e e e e e e e fffffc30 e e e e
FIXUPS: 28498 e e e e e e e e e e e e e e e e e e e e 14 14 1d c 10 51
FIXUPS: 28222 e 14 14 29 a c 10 5b e e e e e e e e e e e e e e e e e e
FIXUPS: 2840c e e e e fffffc1e e e e e e e e e e e e e e e e e e e e e
FIXUPS: 28188 e e e e e e e e e e fffffb1e d a 16 5f 7 13 21 1e 7 d 15
FIXUPS: 27e4d a 42 99 50 e e e e e e e e e e e e e e e fffff8b6 e e 2c
FIXUPS: 279c4 10 36 4a 5f 36 7 16 38 7 28 7 f 10 40 d 19 7 d 4f d 15 d
FIXUPS: 27c95 32 21 7 3c fffff5d7 18 18 15 16 16 14 30 a 29 a d a 1c 16
FIXUPS: 27454 16 17 16 17 16 32 3f 10 2dc 96 b b b b b e fffff4f5 c 15
FIXUPS: 26e27 15 15 18 17 4c 27 27 1c 54 de 6a 14 10 4d 16 10 10 3a 7 39
FIXUPS: 271fd 7 1c 19 2c 13 13 b fffff7b8 42 7 3a 10 1e a 1a 2e 1d 1d c
FIXUPS: 26bc7 1d 1d c 30 1d 1d c 30 26 26 7 7 27 19 18 e 2b 1e 2e fffff39f
FIXUPS: 261e2 c 29 c 1c 1c 5b 1c 1d 16 2f 25 7 35 a 16 7 68 f 50 3ac 24
FIXUPS: 26880 2d 37 1a 19 c 98 c 45 fffff057 26 23 23 27 2d 30 2d 2d 30
FIXUPS: 25c0a 2d 30 25 69 33 67 4d c 15 15 f d1 3d 69 4a 25 7 33 28 7 ea
FIXUPS: 24f01 e e e e e e e e e e e e e e e e e e e e e e e e e e 15 3f0
FIXUPS: 25a07 10 3c ffffeba4 10 9e 6b d 5a 44 18 43 415 73 7 1c 92 4d 33
FIXUPS: 24df1 1b 1c 29 b b e e e e e e e e e e ffffebd7 9b 28 5e af 2c
FIXUPS: 23ea8 1f aa 1c 2c 5d 5e 2de 1f 4b 41 10 47 3c 41 10 47 3f e e e
FIXUPS: 2459f e e e e ffffee03 2a 1d 4c 1a 1a d 45 1c 1d d 40 c d 6d 1c
FIXUPS: 2367e 1c 81 1c 48 13 a 1b 16 1f 16 1f 40 10 73 37 fffff5e0 6b 38
FIXUPS: 22fb9 24 7 7 22 3a 8 17 1f 2d 26 10 38 12 7 29 22 30 2a 10 38 12
FIXUPS: 2323f aa 13 45 18 d 4a fffff3cd 67 4d 34 25 28 10 2f 19 45 19 41
FIXUPS: 22a5a bc 81 33 31 d 3b d 71 2e a 19 43 4c 34 1c 25 12 65 34 fffff08d
FIXUPS: 21f8f 20 1a 27 1c 10 43 113 11c 10e a5 75 38 31 29 18 10 33 26
FIXUPS: 225e1 38 1b 1f 16 d 16 10 45 2e a 19 fffff05d a 19 43 ec d 51 6a
FIXUPS: 219c7 31 47 31 a 25 26 10 13 13 16 22 10 224 38 1c 30 2c 7 7 5c
FIXUPS: 21ee3 8 50 fffff099 6b e e e 88 17 17 12 1f 1c 12 1b 1b 19 42 32
FIXUPS: 212f8 c8 bd 81 b8 3b 31 2c 20 27 a 10 34 d 71 fffff568 27 10 19
FIXUPS: 20d28 1f 52 2e 10 10 8c 74 7 7 7 7 7 7 7 7 7 7 7 7 7 7 7 d 34 e
FIXUPS: 20fad e fffff310 e 71 73 d 4e 41 2b 24 ff 1b 5f d 44 22c 43 7 16
FIXUPS: 2097e a d 10 6d b9 d0 34 61 26 f 26 f 1d fffff398 16 25 37 e e
FIXUPS: 200eb e e e e e e e e e e e 19 77 e e e e e e e e e e e e fffff922
FIXUPS: 1fbe9 19 4b 10 60 21 d 47 2c 1a 1e 15 21 13 28 1a 1e 17 2b 2b 27
FIXUPS: 1ff02 1d 10 50 25 13 13 29 16 30 fffff327 13 11 16 12 20 43 17
FIXUPS: 1f438 35 78 d1 e7 d8 8c 8e 38 31 27 a2 16 42 a4 f 12 25 19 10 23
FIXUPS: 1fb5f 10 42 fffff338 2b 26 d 4a 13 19 22 85 1c 19 21 10 42 26 36
FIXUPS: 1f180 10 31 e e e e 19 73 e e e e 5c 24 19 fffff51e 10 14 1c 12
FIXUPS: 1e8e0 433c7 b fffbcc5f e e 19 39 e e 20 12 31 10 4f 26 18 10 42
FIXUPS: 1ebb0 c6 80 63 38 31 c3 16 fffff048 137 87 12 3a 18 34 13 19 19
FIXUPS: 1e232 175 77 36 12 16 2e 70 34 3a 18 56 28 2a 8c 2c 11 55 67 7f
FIXUPS: 1e85c 8 ffffef80 30 65 24 20 443aa d e e c fffbbc3d 4f 10 9a 12
FIXUPS: 1da03 44 9 cd ca e 7e 51 38 31 2a 15 10 3d 13 19 a6 fffff3a9 47
FIXUPS: 1d2c2 47 29 2f 13 13 3a 13 13 3a 13 13 57 14 2a c d 55 1f 30 1f
FIXUPS: 1d5e5 59 28 c 2f 69 5a 15 30 fffff429 16 85 7d 7f 3f 36 29 28 29
FIXUPS: 1ce68 29 e 5a 61 e 32 47 1e b 39 22 2f 22 42 46 44af7 b b c fffbb54f
FIXUPS: 1d1ed fffff639 37 58 53 20 5b 34 1f 7 7 7 7 7 7 7 7 38 1f 25 10
FIXUPS: 1caa1 7 7 7 7 7 7 7 10 60 29 34 fffff86a 10 13 16 13 27 2b 2b 13
FIXUPS: 1c4fb 13 18 24 1f 1f 10 16 1d 4b 18 18 17 18 16 15 25 9b 1c 36
FIXUPS: 1c7cc 17 18 fffff40d 16 29 11 15 10 7b e 12 191 3b 10 16 2d 192
FIXUPS: 1c107 10 16 25 4b 2b 2a 10 13 18 10 13 44 16 36 39 38 ffffedf2
FIXUPS: 1b16a 85 8a 8b 10 31 e e e 44 33 2f 10 74 32 9 43 2e 78 1f 1b 19
FIXUPS: 1b631 16f 174 cd 33 17a 2d 11 2c ffffeebb 17 a9 17 122 45 22 46
FIXUPS: 1ad77 1a 10 aa 7 7 7 7 7 7 7 7 7 7 d 64 29 54 34 33 3d 32 31 3d
FIXUPS: 1a284 1a 18 17 18 18 80 e4 18 81 1c 156 1c 92 15 2a a5 1c 22 40
FIXUPS: 1a8ab 1a 1e 13 2f 1a 1e 17 33 2c 33 d fffff08d 111 16 e3 16 35
FIXUPS: 19d1d e3 16 f 43 39 39 36 31 39 38 bf 10 4d 19 2a 1f 16 13 16 24
FIXUPS: 1a1b5 16 10 4b 3f ffffea09 d 3f 41 163 157 15f 169 154 c0 15d 45
FIXUPS: 1966b 31 2a 151 16 40 2c 15 13 2c 19 22 19 18 3a 40 43 22 31 28
FIXUPS: 18131 e e 19 33 e e a5 51 d1 1f 1f 1f 1f 1f 3f 19 11 10 3b 1f 12
FIXUPS: 18529 155 168 154 c1 15c 45 38 31 2a ffffee31 2f 7 31 7 41 38 f
FIXUPS: 17b6c 19 f 10 3c 17 26 43 17 26 1c 38 17 24 28 2b 2a 2e 2f 33 35
FIXUPS: 17e7e 14 10 ffffedc9 233 53 2c 14 1b 1f1 99 61 da 35 89 19 2b 2b
FIXUPS: 1763c d1 8e 19 f 72 f 42 26 5c 23 f 34 3b 2e 22 4e ffffec66 e e
FIXUPS: 166d7 e e e 21 19 36 e e e e e e e e 21 19 3e 20 61 32 1f ac a7
FIXUPS: 16ae4 d c8 3c 3d ffffe774 33 16 629 6 13 57 71 17c 128 ab 3cb 18
FIXUPS: 16243 22 5c 112 35 4c 2c 11 10 da a d 34 39 10 44 10 2e e ffffe724
FIXUPS: 14dd5 1f 1f 1f ad d 157 d 19 25 b b 14 8d 22 19 2c 7 26 22 7 52
FIXUPS: 15280 50 2f f 13 16 f 4a 8 fffff3e9 12b 37 40 1b 1b d 3d 1b 1b
FIXUPS: 149e6 13 25 38 20 7 24 2e 27 7 26 f 29 a1 72 12 1f 1f 59 12 1f
FIXUPS: 14d67 fffff317 10 1b 63 45 32 30 60 47 28 47 47 2b 28 2e 5a 2e
FIXUPS: 14447 41 8f 1c 1c 1c 1c 73 57 18 10 5c 26 31 33 fffff747 e e e
FIXUPS: 13ede e e e e e e e e e e e e e e e e e e e e e e e e e 16 1c fffffc3a
FIXUPS: 13cb6 e e e e e e e e e e e e e e e e e e e e e 16 19 39 e e e
FIXUPS: 13e7c e e fffff993 1b 1a 1b 1b 1a 1b 1b 1a 1b 1b 22 10e 46 46 46
FIXUPS: 13b7e 33 33 e e e e e e e e e e e e e fffff7c9 1a 1b 1b 1f 3e 18
FIXUPS: 13543 1a 1b 1b 1a 1b 1b 1f 3e 18 1b 1a 1b 1b 1a 1b 1b 1a 1b 1b
FIXUPS: 13782 41 18 1b 1a ffffecc8 59 88 d 3d4 d 15e a6 a3 93 81 3b 10
FIXUPS: 12f1c d 225 18 10 31 d 47 4f 5d 19 64 3a 42 18 1b 1f 3e 18 ffffe11b
FIXUPS: 11571 17 3e 44 25 43 1f 18 e 35 285 f c1 f 26e f 78 f 60 16 2cf
FIXUPS: 120c8 e9 11 10 46 2a 1a 61 1e 10 ffffde0c 30 10 997 20d 9e 86 102
FIXUPS: 10f18 19 41 18 4b 43 a8 47 c 3c 19 12 99 9 54 c 22 233 e e e 10
FIXUPS: 11547 e ffffd395 a 30 1e d a 33 25d 64 94 275 13 43e 11f 13 32
FIXUPS: f67c 6d 6e 72 6e 50 91 140 13 237 b1 12f d6 14f 10 30 ffffe4fa
FIXUPS: e5f8 13 22 22 1a 10 39 7 13 d 21 43 7 7 7 13 10 2f a 7 10 2f a
FIXUPS: e805 10 16 23 1b 2b 2b 1e fffff7fb 97 1a 2c 82 12 28 4f 19 80 b
FIXUPS: e390 2f 2b 32 6 24 43 7 d a 13 10 36 a 7 10 2f a 10 3b 14 ffffe3ad
FIXUPS: ca17 67a 7c d0 7e 4a8 7c 4d 1e 1e d 3e a1 ee 9e 19 71 fc 1af 20
FIXUPS: dde2 17 34 96 16 34 93 a7 10 30 10 ffffd71b 5e 236 13 83 2b 1d6
FIXUPS: bd05 d 17 32 1a5 19 29 13 19 1c 48 10b 1c 32 af af 32 af 1f 32
FIXUPS: c44a 27f 2d b6 18d ffffe429 ff 31 15f f1 8 10 40 10 24 1d 9 17
FIXUPS: b1c0 ba 1e 16 138 46 26 2d a 7 7 20 76 e2 66 19 25 4b 57 ffffec05
FIXUPS: a361 1c 35 b b b 1d 289 32 22 35 30 b b b 1d 18d 32 22 35 2c 129
FIXUPS: ab1a 4e 1f 45 1c 62 1f a1 1f fffff13a 21 b 2f 2f 26 c3 9b 39 18
FIXUPS: a0d1 f 11 27 10 a d 35 36 1b a d 2f 46 21 e 21 11 1f 44 7 34 fffff3f4
FIXUPS: 9766 26 1e b 24 24 41 43 25 26 1b 27 b 20 23 3b d 22 2d 1a 43 61
FIXUPS: 9ab8 1f 5d 8d 8d 72 77 52 1f fffff2eb 2f a5 11d 2e 59 13 13 13
FIXUPS: 9357 13 e 7c 49 1f 3d 15 16 16 16 16 e a4 31 15 16 16 16 16 e 9c
FIXUPS: 9737 ffffe8dc 34 19d 33 a5 1db a5 c1 1f 184 1c 61 1c 3e 13 5a 6b
FIXUPS: 89a5 1f 2d 13 4b 1c d6 81 81 81 81 31 232 1f b0 ffffea95 a 15 c
FIXUPS: 7b42 15 a 15 a 15 c 21 a d 22 3b 46 c 3f 10 22 34 47 22 e 1c 37
FIXUPS: 7e2f 5a b6 1f 96 fffff153 a 22 31 10 1f 34 30 22 601 19 12 18 14
FIXUPS: 78c0 52 d 10 3b 43 1f 1f 1f 1f 1e 1a 1a 1a 1a 29 15 a ffffee9d
FIXUPS: 69a4 49 1d 14 51 7 1f 2c f9 3f 1c 37 1f 1f 66 1c 35 8 14e 45 28
FIXUPS: 6f23 60 50 2f 68 23 4b 7 1f 39 fffff0f3 1b a d 22 96 1c 3a ab 2c
FIXUPS: 646a e 1f 52 18 c 17 2d 31 7 1f 32 14 ad 1e1 d 1f 1f 45 1f 1f 3d
FIXUPS: 5c5a 242 3e 20 6 5d 7 10 2f 4c d 10 a 1f 1f 20 10 e 21 d a 1f 46
FIXUPS: 6155 1b 14 14 d 2c 20 b 21 fffff2fd 5c 1f 32 10 1f 26 e 42 50 30
FIXUPS: 56fa 42 42 42 32 27 29 29 27 1c8 6 10 125 12 b 21 13 12 b 1c 33
FIXUPS: 50bb 1f 4e 11 6 18 1a 1f 6 f f 19 4e 18 a 2f 56 31 29 13 13 5f
FIXUPS: 53df 13 13 23 33 1f 3c 15 16 16 fffff2ce 28 41 189 10 169 1c 64
FIXUPS: 4bcc b9 19 13 4b 1f 3c d 22 81 1f 33 15 16 16 69 1f 60 15 2e 52
FIXUPS: 5058 1f 37 ffffea8f 1c 64 1c be 1c 5a 1c 6c 1c 307 1c 51 1c 13d
FIXUPS: 429d 37 13 12 b 1c ac cb 2d 13 12 b 1c 82 8 1c7 54 ffffe904 5 d
FIXUPS: 30fe d 33 10 30 d 99 3a d6 22 4e 22 34 22 25 22 2b 19 37 32 13
FIXUPS: 3553 d 436 13 6c 1c 64 1c fffff210 23 1b 2a d 3b d 2b d 55 2e 11
FIXUPS: 2e57 22 d 34 11 24 10 2a d 2c d 2a 5 d 51 d 35 10 30 d 3ea56 4a
FIXUPS: 41b49 15 24 206c2 b fffdf968 2b 23 55 ec 49 1c 36 b b e e e e 10
FIXUPS: 41e69 5 d 33 10 fffc0d7b d 2c 11 19 3e82b e e e e c 20 37 43 72
FIXUPS: 41637 46 7 77 20b09 b fffdf528 da 4b 15 e 53 5c 52 20 11 5b 20818
FIXUPS: 6222f fffdf818 35 50 fffff51b 28 26 2e 23 f 13 6c 15 58 20 42 11
FIXUPS: 41200 13 4e a 22 17 8 8 2c 3e 1d 1e b 49 1e 7 1a 74 52 fffff5c4
FIXUPS: 40ab6 35 24 12 2b 13 10 f f 12 1a 2161e c c b fffdea0c 22 b4 10
FIXUPS: 40d11 71 1d 51 26 1f 87 52 18 3b 22 18 fffff734 7 2b 17 12 1a 21a63
FIXUPS: 621b3 b fffde5b0 28 15 19 16 2a 38 1a 1e d 29 2f 35 b 14 1c 36
FIXUPS: 409a9 38 12 12 24 a 21730 b fffde0f0 15 6c 20 d3 2f 27 7 1e 18
FIXUPS: 4047f 21d08 b fffde31c 24 13 19 1a f f 3a b5 2a 37 17 f 7 7 7 7
FIXUPS: 3fff8 17 2212b b fffddf12 8 b 12 28 21 2c 27 7 7 7 7 7 7 7 12 37
FIXUPS: 401b9 7 7 7 7 7 7 7 12 1a 21f41 fffddb77 2e 3f 13 21 1b 27 17 12
FIXUPS: 3fdf4 222d3 c b fffddd65 15 17 2228b b fffddd99 24 1b 19 c e 17
FIXUPS: 3ff48 11 23 1a 22181 b fffddec1 fffff942 15 12 29 15 49 14 67 24
FIXUPS: 3fa88 8 7 16 c b 8 35 7 32 c 15 12 21 25 15 68 7 7 7 74 7 7 fffff8b0
FIXUPS: 3f588 13 33 21 15 19 16 61 f 2c 2c 43 7 c c 3a 34 20 22 1e 22 24
FIXUPS: 3f89c 17 f 12 1a 227a9 c c b fffdd14e 7 24 2b 17 f 12 1a 22d97
FIXUPS: 62053 c b fffdd274 21 21 22 2b 7 10 12 12 1a 22cb5 b fffdd377 11
FIXUPS: 3f473 20 13 10 25 10 fffff973 47 3f 5a 7 7 7 12 2b 17 f 12 1a 23035
FIXUPS: 62023 c b fffdcfd7 d 30 21 15 19 16 1f 15 3f c 1f 3a 41 29 fffff87b
FIXUPS: 3eb2e 3e 28 29 3e 7 7 24 2b 17 f f 12 1a 2331e c c c b fffdcceb
FIXUPS: 3ecfe 30 21 13 19 16 1b 15 4d c c fffff78e 2d c 1e 44 51 25 12
FIXUPS: 3e6fe 21 f 7 2b 17 f 12 1a 237f5 c c b fffdc814 21 13 19 16 26
FIXUPS: 3e8b0 15 1b 24 c fffff97e 24 15 19 16 1f 60 7 16 c c 3a 33 31 30
FIXUPS: 3e47f 7 7 12 2b 17 f 12 1a 23a5b c c b fffdc5b4 24 13 19 fffffa34
FIXUPS: 3dfe1 12 1a 23f0a c c b fffdc107 d 30 24 13 19 13 10 3a 33 2a 2f
FIXUPS: 3e1ce f 7 7 7 2b 17 12 1a 23ce7 c b fffdbc52 15 22 25 15 22 7f
FIXUPS: 3dcc9 7 49 7 4e 27 32 7 7 2b 1a 1a 240c3 b fffdbf7c 24 13 19 29
FIXUPS: 3df35 24 21 f 7 2b fffff703 21 15 24 2f 35 33 1b 31 7 38 35 40
FIXUPS: 3d8b6 40 7 3a 7 4b 38 58 38 38 38 38 2e 1a 22 a c c 1e fffff718
FIXUPS: 3d2ce 1c 7 17 1a 24b95 b fffdb48c 24 15 44 3e 24 15 2f 64 7 1b
FIXUPS: 3d501 c b 18 2a 19 63 50 38 1a 1a 24845 b ffffff70 fffdb0cc 15
FIXUPS: 3cf4b 3b 24 3b 7 7 17 1a 24e43 b fffdb1fc 15 16 3f 23 48 7 7 14
FIXUPS: 3d177 1a 24cf6 c b fffdb340 15 16 2c 3b 896b 33 10 ffff6ef0 20
FIXUPS: 3cb53 1c 19 cf 15 28 3a 2b 28 7 17 1a 250ce b fffdaf7c 15 18 38
FIXUPS: 3ce31 4f 7 7 7 7 17 1a 24f7a fffe389b 23 22 4c 16 1b 2e 17 1cb3d
FIXUPS: 45831 17 1f c d 32 10 72 1a 76 10 c0 1f 30 1c856 e fffe37e7 d 36
FIXUPS: 45b84 13 32 5 fffff639 7 c e b 10 e b 10 c c 27 c9 10 2e 10 34
FIXUPS: 45406 6e 10 30 1a 37 17 69 10 34 18 34 17 35 2b fffff6f4 37 d 33
FIXUPS: 44e14 f 10 36 8 49 1d 15 10 39 10 74 10 68 a 18 17 21 1a 13 24
FIXUPS: 450f1 2f c 25 f 62 10 fffff811 17 3b e 17 3e 17 39 17 62 c 12 b
FIXUPS: 44b98 11 b 15 c 1b 17 3c c 11 11 f 35 17 f 1a 2e 20 25 fffff8a9
FIXUPS: 4461b 8 31 e 17 11 9 19 16 8 e e 15 20 15 10 f 10 36 10 5d 10 d
FIXUPS: 4484d 10 82 17 28 11 3a 6c fffff86e f 21 66 f d 2c 10 3e 20 40
FIXUPS: 443eb f f b 10 31 f f f 21 2e 12 36 f d 30 f f d 3d d 1dcf1 b fffe1c56
FIXUPS: 43f44 19 8 f 15 c 1a 1e335 9 17 b fffe1cde 10 40 14 10 3c c 10
FIXUPS: 440f3 d 35 d 35 1e 3a 20 36 f fffff85e 1f 25 23 17 13 1a 1f 29
FIXUPS: 43ba4 1f 21 1d 4b 13 1b 14 3f 16 d 4c 13 1b 14 3f 16 d 56 13 15
FIXUPS: 43e78 1e43c fffe1149 1e 19 21 31 1c 98 50 f 39 16 16 31 15 5a 1f
FIXUPS: 436db 19 20 3c 33 1c 98 50 f 39 16 16 2e 15 1f 11b fffff4a9 3b
FIXUPS: 42f7c 16 67 15 1f 16 10 35 1f 2b 8 15 1a 9 15 e 3b 29 1c 9f 50
FIXUPS: 432b3 30 16 21 23 18 1b 10 5e fffff52f 15 18 1b 16 15 ae 21 1c
FIXUPS: 42b0a 50 19 20 2f 60 47 25 e 22 1c 14 e 37 34 34 37 37 50 25 41
FIXUPS: 42ed1 3e fffff4c4 16 15 17 1fe85 b fffe01c3 23 b 33 19 4d 1c 28
FIXUPS: 42592 1c 5c 90 28 22 52 3a 15 18 19 6f 22 25 61 13 f f fffff5f0
FIXUPS: 41f68 17 1f d 29 63 e 11 9c 1d 28 f f d 2c 1b f 20 2008c c c b
FIXUPS: 4220b 8a 1d 1d 40 10 57 1f 1f
